<?xml version="1.0" encoding="ISO-8859-1" ?>
<link_info>
   <banner>TI ARM Linker PC v18.1.2.LTS</banner>
   <copyright>Copyright (c) 1996-2017 Texas Instruments Incorporated</copyright>
   <link_time>0x5cb0d92b</link_time>
   <link_errors>0x0</link_errors>
   <output_file>Final_Project.out</output_file>
   <entry_point>
      <name>_c_int00_noargs</name>
      <address>0x4fc1</address>
   </entry_point>
   <input_file_list>
      <input_file id="fl-2">
         <path>.\</path>
         <kind>object</kind>
         <file>tm4c123gh6pm_startup_ccs.obj</file>
         <name>tm4c123gh6pm_startup_ccs.obj</name>
      </input_file>
      <input_file id="fl-3">
         <path>.\Code Files\</path>
         <kind>object</kind>
         <file>IR_Ping.obj</file>
         <name>IR_Ping.obj</name>
      </input_file>
      <input_file id="fl-4">
         <path>.\Code Files\</path>
         <kind>object</kind>
         <file>Main_Final.obj</file>
         <name>Main_Final.obj</name>
      </input_file>
      <input_file id="fl-5">
         <path>.\Code Files\</path>
         <kind>object</kind>
         <file>adc.obj</file>
         <name>adc.obj</name>
      </input_file>
      <input_file id="fl-6">
         <path>.\Code Files\</path>
         <kind>object</kind>
         <file>button.obj</file>
         <name>button.obj</name>
      </input_file>
      <input_file id="fl-7">
         <path>.\Code Files\</path>
         <kind>object</kind>
         <file>functions.obj</file>
         <name>functions.obj</name>
      </input_file>
      <input_file id="fl-8">
         <path>.\Code Files\</path>
         <kind>object</kind>
         <file>lcd.obj</file>
         <name>lcd.obj</name>
      </input_file>
      <input_file id="fl-9">
         <path>.\Code Files\</path>
         <kind>object</kind>
         <file>movement.obj</file>
         <name>movement.obj</name>
      </input_file>
      <input_file id="fl-a">
         <path>.\Code Files\</path>
         <kind>object</kind>
         <file>open_interface.obj</file>
         <name>open_interface.obj</name>
      </input_file>
      <input_file id="fl-b">
         <path>.\Code Files\</path>
         <kind>object</kind>
         <file>ping.obj</file>
         <name>ping.obj</name>
      </input_file>
      <input_file id="fl-c">
         <path>.\Code Files\</path>
         <kind>object</kind>
         <file>servo.obj</file>
         <name>servo.obj</name>
      </input_file>
      <input_file id="fl-d">
         <path>.\Code Files\</path>
         <kind>object</kind>
         <file>test.obj</file>
         <name>test.obj</name>
      </input_file>
      <input_file id="fl-e">
         <path>.\Code Files\</path>
         <kind>object</kind>
         <file>timer.obj</file>
         <name>timer.obj</name>
      </input_file>
      <input_file id="fl-14">
         <kind>object</kind>
         <file>&lt;internal&gt;</file>
         <name>&lt;internal&gt;</name>
      </input_file>
      <input_file id="fl-ca">
         <path>C:\ti\ccsv8\tools\compiler\ti-cgt-arm_18.1.2.LTS\lib\</path>
         <kind>archive</kind>
         <file>rtsv7M4_T_le_v4SPD16_eabi.lib</file>
         <name>e_pow.c.obj</name>
      </input_file>
      <input_file id="fl-cb">
         <path>C:\ti\ccsv8\tools\compiler\ti-cgt-arm_18.1.2.LTS\lib\</path>
         <kind>archive</kind>
         <file>rtsv7M4_T_le_v4SPD16_eabi.lib</file>
         <name>e_sqrt.c.obj</name>
      </input_file>
      <input_file id="fl-cc">
         <path>C:\ti\ccsv8\tools\compiler\ti-cgt-arm_18.1.2.LTS\lib\</path>
         <kind>archive</kind>
         <file>rtsv7M4_T_le_v4SPD16_eabi.lib</file>
         <name>s_cos.c.obj</name>
      </input_file>
      <input_file id="fl-cd">
         <path>C:\ti\ccsv8\tools\compiler\ti-cgt-arm_18.1.2.LTS\lib\</path>
         <kind>archive</kind>
         <file>rtsv7M4_T_le_v4SPD16_eabi.lib</file>
         <name>s_scalbn.c.obj</name>
      </input_file>
      <input_file id="fl-ce">
         <path>C:\ti\ccsv8\tools\compiler\ti-cgt-arm_18.1.2.LTS\lib\</path>
         <kind>archive</kind>
         <file>rtsv7M4_T_le_v4SPD16_eabi.lib</file>
         <name>s_copysign.c.obj</name>
      </input_file>
      <input_file id="fl-cf">
         <path>C:\ti\ccsv8\tools\compiler\ti-cgt-arm_18.1.2.LTS\lib\</path>
         <kind>archive</kind>
         <file>rtsv7M4_T_le_v4SPD16_eabi.lib</file>
         <name>fd_add_t2.asm.obj</name>
      </input_file>
      <input_file id="fl-d0">
         <path>C:\ti\ccsv8\tools\compiler\ti-cgt-arm_18.1.2.LTS\lib\</path>
         <kind>archive</kind>
         <file>rtsv7M4_T_le_v4SPD16_eabi.lib</file>
         <name>fd_cmp_t2.asm.obj</name>
      </input_file>
      <input_file id="fl-d1">
         <path>C:\ti\ccsv8\tools\compiler\ti-cgt-arm_18.1.2.LTS\lib\</path>
         <kind>archive</kind>
         <file>rtsv7M4_T_le_v4SPD16_eabi.lib</file>
         <name>fd_div_t2.asm.obj</name>
      </input_file>
      <input_file id="fl-d2">
         <path>C:\ti\ccsv8\tools\compiler\ti-cgt-arm_18.1.2.LTS\lib\</path>
         <kind>archive</kind>
         <file>rtsv7M4_T_le_v4SPD16_eabi.lib</file>
         <name>fd_mul_t2.asm.obj</name>
      </input_file>
      <input_file id="fl-d3">
         <path>C:\ti\ccsv8\tools\compiler\ti-cgt-arm_18.1.2.LTS\lib\</path>
         <kind>archive</kind>
         <file>rtsv7M4_T_le_v4SPD16_eabi.lib</file>
         <name>fd_toi_t2.asm.obj</name>
      </input_file>
      <input_file id="fl-d4">
         <path>C:\ti\ccsv8\tools\compiler\ti-cgt-arm_18.1.2.LTS\lib\</path>
         <kind>archive</kind>
         <file>rtsv7M4_T_le_v4SPD16_eabi.lib</file>
         <name>i_tofd_t2.asm.obj</name>
      </input_file>
      <input_file id="fl-d5">
         <path>C:\ti\ccsv8\tools\compiler\ti-cgt-arm_18.1.2.LTS\lib\</path>
         <kind>archive</kind>
         <file>rtsv7M4_T_le_v4SPD16_eabi.lib</file>
         <name>memcpy_t2.asm.obj</name>
      </input_file>
      <input_file id="fl-d6">
         <path>C:\ti\ccsv8\tools\compiler\ti-cgt-arm_18.1.2.LTS\lib\</path>
         <kind>archive</kind>
         <file>rtsv7M4_T_le_v4SPD16_eabi.lib</file>
         <name>copy_zero_init.c.obj</name>
      </input_file>
      <input_file id="fl-d7">
         <path>C:\ti\ccsv8\tools\compiler\ti-cgt-arm_18.1.2.LTS\lib\</path>
         <kind>archive</kind>
         <file>rtsv7M4_T_le_v4SPD16_eabi.lib</file>
         <name>copy_decompress_none.c.obj</name>
      </input_file>
      <input_file id="fl-d8">
         <path>C:\ti\ccsv8\tools\compiler\ti-cgt-arm_18.1.2.LTS\lib\</path>
         <kind>archive</kind>
         <file>rtsv7M4_T_le_v4SPD16_eabi.lib</file>
         <name>copy_decompress_lzss.c.obj</name>
      </input_file>
      <input_file id="fl-d9">
         <path>C:\ti\ccsv8\tools\compiler\ti-cgt-arm_18.1.2.LTS\lib\</path>
         <kind>archive</kind>
         <file>rtsv7M4_T_le_v4SPD16_eabi.lib</file>
         <name>boot_cortex_m.c.obj</name>
      </input_file>
      <input_file id="fl-da">
         <path>C:\ti\ccsv8\tools\compiler\ti-cgt-arm_18.1.2.LTS\lib\</path>
         <kind>archive</kind>
         <file>rtsv7M4_T_le_v4SPD16_eabi.lib</file>
         <name>errno.c.obj</name>
      </input_file>
      <input_file id="fl-db">
         <path>C:\ti\ccsv8\tools\compiler\ti-cgt-arm_18.1.2.LTS\lib\</path>
         <kind>archive</kind>
         <file>rtsv7M4_T_le_v4SPD16_eabi.lib</file>
         <name>exit.c.obj</name>
      </input_file>
      <input_file id="fl-dc">
         <path>C:\ti\ccsv8\tools\compiler\ti-cgt-arm_18.1.2.LTS\lib\</path>
         <kind>archive</kind>
         <file>rtsv7M4_T_le_v4SPD16_eabi.lib</file>
         <name>memory.c.obj</name>
      </input_file>
      <input_file id="fl-dd">
         <path>C:\ti\ccsv8\tools\compiler\ti-cgt-arm_18.1.2.LTS\lib\</path>
         <kind>archive</kind>
         <file>rtsv7M4_T_le_v4SPD16_eabi.lib</file>
         <name>_lock.c.obj</name>
      </input_file>
      <input_file id="fl-de">
         <path>C:\ti\ccsv8\tools\compiler\ti-cgt-arm_18.1.2.LTS\lib\</path>
         <kind>archive</kind>
         <file>rtsv7M4_T_le_v4SPD16_eabi.lib</file>
         <name>args_main.c.obj</name>
      </input_file>
      <input_file id="fl-df">
         <path>C:\ti\ccsv8\tools\compiler\ti-cgt-arm_18.1.2.LTS\lib\</path>
         <kind>archive</kind>
         <file>rtsv7M4_T_le_v4SPD16_eabi.lib</file>
         <name>sprintf.c.obj</name>
      </input_file>
      <input_file id="fl-e0">
         <path>C:\ti\ccsv8\tools\compiler\ti-cgt-arm_18.1.2.LTS\lib\</path>
         <kind>archive</kind>
         <file>rtsv7M4_T_le_v4SPD16_eabi.lib</file>
         <name>strcmp.c.obj</name>
      </input_file>
      <input_file id="fl-e1">
         <path>C:\ti\ccsv8\tools\compiler\ti-cgt-arm_18.1.2.LTS\lib\</path>
         <kind>archive</kind>
         <file>rtsv7M4_T_le_v4SPD16_eabi.lib</file>
         <name>strcpy.c.obj</name>
      </input_file>
      <input_file id="fl-e2">
         <path>C:\ti\ccsv8\tools\compiler\ti-cgt-arm_18.1.2.LTS\lib\</path>
         <kind>archive</kind>
         <file>rtsv7M4_T_le_v4SPD16_eabi.lib</file>
         <name>vsnprintf.c.obj</name>
      </input_file>
      <input_file id="fl-e3">
         <path>C:\ti\ccsv8\tools\compiler\ti-cgt-arm_18.1.2.LTS\lib\</path>
         <kind>archive</kind>
         <file>rtsv7M4_T_le_v4SPD16_eabi.lib</file>
         <name>k_rem_pio2.c.obj</name>
      </input_file>
      <input_file id="fl-e4">
         <path>C:\ti\ccsv8\tools\compiler\ti-cgt-arm_18.1.2.LTS\lib\</path>
         <kind>archive</kind>
         <file>rtsv7M4_T_le_v4SPD16_eabi.lib</file>
         <name>k_cos.c.obj</name>
      </input_file>
      <input_file id="fl-e5">
         <path>C:\ti\ccsv8\tools\compiler\ti-cgt-arm_18.1.2.LTS\lib\</path>
         <kind>archive</kind>
         <file>rtsv7M4_T_le_v4SPD16_eabi.lib</file>
         <name>k_sin.c.obj</name>
      </input_file>
      <input_file id="fl-e6">
         <path>C:\ti\ccsv8\tools\compiler\ti-cgt-arm_18.1.2.LTS\lib\</path>
         <kind>archive</kind>
         <file>rtsv7M4_T_le_v4SPD16_eabi.lib</file>
         <name>s_floor.c.obj</name>
      </input_file>
      <input_file id="fl-e7">
         <path>C:\ti\ccsv8\tools\compiler\ti-cgt-arm_18.1.2.LTS\lib\</path>
         <kind>archive</kind>
         <file>rtsv7M4_T_le_v4SPD16_eabi.lib</file>
         <name>memset_t2.asm.obj</name>
      </input_file>
      <input_file id="fl-e8">
         <path>C:\ti\ccsv8\tools\compiler\ti-cgt-arm_18.1.2.LTS\lib\</path>
         <kind>archive</kind>
         <file>rtsv7M4_T_le_v4SPD16_eabi.lib</file>
         <name>autoinit.c.obj</name>
      </input_file>
      <input_file id="fl-e9">
         <path>C:\ti\ccsv8\tools\compiler\ti-cgt-arm_18.1.2.LTS\lib\</path>
         <kind>archive</kind>
         <file>rtsv7M4_T_le_v4SPD16_eabi.lib</file>
         <name>pre_init.c.obj</name>
      </input_file>
      <input_file id="fl-ea">
         <path>C:\ti\ccsv8\tools\compiler\ti-cgt-arm_18.1.2.LTS\lib\</path>
         <kind>archive</kind>
         <file>rtsv7M4_T_le_v4SPD16_eabi.lib</file>
         <name>cpy_tbl.c.obj</name>
      </input_file>
      <input_file id="fl-eb">
         <path>C:\ti\ccsv8\tools\compiler\ti-cgt-arm_18.1.2.LTS\lib\</path>
         <kind>archive</kind>
         <file>rtsv7M4_T_le_v4SPD16_eabi.lib</file>
         <name>_printfi.c.obj</name>
      </input_file>
      <input_file id="fl-ec">
         <path>C:\ti\ccsv8\tools\compiler\ti-cgt-arm_18.1.2.LTS\lib\</path>
         <kind>archive</kind>
         <file>rtsv7M4_T_le_v4SPD16_eabi.lib</file>
         <name>atoi.c.obj</name>
      </input_file>
      <input_file id="fl-ed">
         <path>C:\ti\ccsv8\tools\compiler\ti-cgt-arm_18.1.2.LTS\lib\</path>
         <kind>archive</kind>
         <file>rtsv7M4_T_le_v4SPD16_eabi.lib</file>
         <name>ctype.c.obj</name>
      </input_file>
      <input_file id="fl-ee">
         <path>C:\ti\ccsv8\tools\compiler\ti-cgt-arm_18.1.2.LTS\lib\</path>
         <kind>archive</kind>
         <file>rtsv7M4_T_le_v4SPD16_eabi.lib</file>
         <name>ltoa.c.obj</name>
      </input_file>
      <input_file id="fl-ef">
         <path>C:\ti\ccsv8\tools\compiler\ti-cgt-arm_18.1.2.LTS\lib\</path>
         <kind>archive</kind>
         <file>rtsv7M4_T_le_v4SPD16_eabi.lib</file>
         <name>memccpy.c.obj</name>
      </input_file>
      <input_file id="fl-f0">
         <path>C:\ti\ccsv8\tools\compiler\ti-cgt-arm_18.1.2.LTS\lib\</path>
         <kind>archive</kind>
         <file>rtsv7M4_T_le_v4SPD16_eabi.lib</file>
         <name>strchr.c.obj</name>
      </input_file>
      <input_file id="fl-f1">
         <path>C:\ti\ccsv8\tools\compiler\ti-cgt-arm_18.1.2.LTS\lib\</path>
         <kind>archive</kind>
         <file>rtsv7M4_T_le_v4SPD16_eabi.lib</file>
         <name>strlen.c.obj</name>
      </input_file>
      <input_file id="fl-f2">
         <path>C:\ti\ccsv8\tools\compiler\ti-cgt-arm_18.1.2.LTS\lib\</path>
         <kind>archive</kind>
         <file>rtsv7M4_T_le_v4SPD16_eabi.lib</file>
         <name>s_frexp.c.obj</name>
      </input_file>
      <input_file id="fl-f3">
         <path>C:\ti\ccsv8\tools\compiler\ti-cgt-arm_18.1.2.LTS\lib\</path>
         <kind>archive</kind>
         <file>rtsv7M4_T_le_v4SPD16_eabi.lib</file>
         <name>wcslen.c.obj</name>
      </input_file>
      <input_file id="fl-f4">
         <path>C:\ti\ccsv8\tools\compiler\ti-cgt-arm_18.1.2.LTS\lib\</path>
         <kind>archive</kind>
         <file>rtsv7M4_T_le_v4SPD16_eabi.lib</file>
         <name>ull_div_t2.asm.obj</name>
      </input_file>
      <input_file id="fl-f5">
         <path>C:\ti\ccsv8\tools\compiler\ti-cgt-arm_18.1.2.LTS\lib\</path>
         <kind>archive</kind>
         <file>rtsv7M4_T_le_v4SPD16_eabi.lib</file>
         <name>div0.asm.obj</name>
      </input_file>
      <input_file id="fl-f6">
         <path>C:\ti\TivaWare_C_Series-2.1.4.178\driverlib\ccs\Debug\</path>
         <kind>archive</kind>
         <file>driverlib.lib</file>
         <name>interrupt.obj</name>
      </input_file>
      <input_file id="fl-f7">
         <path>C:\ti\TivaWare_C_Series-2.1.4.178\driverlib\ccs\Debug\</path>
         <kind>archive</kind>
         <file>driverlib.lib</file>
         <name>cpu.obj</name>
      </input_file>
   </input_file_list>
   <object_component_list>
      <object_component id="oc-f">
         <name>.intvecs</name>
         <load_address>0x0</load_address>
         <run_address>0x0</run_address>
         <size>0x26c</size>
         <input_file_ref idref="fl-2"/>
      </object_component>
      <object_component id="oc-194">
         <name>.text:__TI_printfi</name>
         <load_address>0x26c</load_address>
         <run_address>0x26c</run_address>
         <size>0xa5e</size>
         <input_file_ref idref="fl-eb"/>
      </object_component>
      <object_component id="oc-374">
         <name>.text</name>
         <load_address>0xcca</load_address>
         <run_address>0xcca</run_address>
         <size>0x2</size>
         <input_file_ref idref="fl-f5"/>
      </object_component>
      <object_component id="oc-1b3">
         <name>.text:pow</name>
         <load_address>0xccc</load_address>
         <run_address>0xccc</run_address>
         <size>0x9c0</size>
         <input_file_ref idref="fl-ca"/>
      </object_component>
      <object_component id="oc-102">
         <name>.text</name>
         <load_address>0x168c</load_address>
         <run_address>0x168c</run_address>
         <size>0x7bc</size>
         <input_file_ref idref="fl-7"/>
      </object_component>
      <object_component id="oc-293">
         <name>.text:__kernel_rem_pio2</name>
         <load_address>0x1e48</load_address>
         <run_address>0x1e48</run_address>
         <size>0x738</size>
         <input_file_ref idref="fl-e3"/>
      </object_component>
      <object_component id="oc-1be">
         <name>.text:cos</name>
         <load_address>0x2580</load_address>
         <run_address>0x2580</run_address>
         <size>0x5dc</size>
         <input_file_ref idref="fl-cc"/>
      </object_component>
      <object_component id="oc-ea">
         <name>.text</name>
         <load_address>0x2b5c</load_address>
         <run_address>0x2b5c</run_address>
         <size>0x2f4</size>
         <input_file_ref idref="fl-8"/>
      </object_component>
      <object_component id="oc-247">
         <name>.text:_pconv_a</name>
         <load_address>0x2e50</load_address>
         <run_address>0x2e50</run_address>
         <size>0x270</size>
         <input_file_ref idref="fl-eb"/>
      </object_component>
      <object_component id="oc-235">
         <name>.text:_pconv_g</name>
         <load_address>0x30c0</load_address>
         <run_address>0x30c0</run_address>
         <size>0x1d0</size>
         <input_file_ref idref="fl-eb"/>
      </object_component>
      <object_component id="oc-d2">
         <name>.text</name>
         <load_address>0x3290</load_address>
         <run_address>0x3290</run_address>
         <size>0x1d0</size>
         <input_file_ref idref="fl-b"/>
      </object_component>
      <object_component id="oc-e4">
         <name>.text</name>
         <load_address>0x3460</load_address>
         <run_address>0x3460</run_address>
         <size>0x1c8</size>
         <input_file_ref idref="fl-d"/>
      </object_component>
      <object_component id="oc-15a">
         <name>.text</name>
         <load_address>0x3628</load_address>
         <run_address>0x3628</run_address>
         <size>0x1b6</size>
         <input_file_ref idref="fl-cf"/>
      </object_component>
      <object_component id="oc-299">
         <name>.text:__kernel_sin</name>
         <load_address>0x37e0</load_address>
         <run_address>0x37e0</run_address>
         <size>0x174</size>
         <input_file_ref idref="fl-e5"/>
      </object_component>
      <object_component id="oc-28d">
         <name>.text:__kernel_cos</name>
         <load_address>0x3954</load_address>
         <run_address>0x3954</run_address>
         <size>0x16c</size>
         <input_file_ref idref="fl-e4"/>
      </object_component>
      <object_component id="oc-9f">
         <name>.text</name>
         <load_address>0x3ac0</load_address>
         <run_address>0x3ac0</run_address>
         <size>0x160</size>
         <input_file_ref idref="fl-4"/>
      </object_component>
      <object_component id="oc-270">
         <name>.text:sqrt</name>
         <load_address>0x3c20</load_address>
         <run_address>0x3c20</run_address>
         <size>0x158</size>
         <input_file_ref idref="fl-cb"/>
      </object_component>
      <object_component id="oc-fc">
         <name>.text</name>
         <load_address>0x3d78</load_address>
         <run_address>0x3d78</run_address>
         <size>0x158</size>
         <input_file_ref idref="fl-e"/>
      </object_component>
      <object_component id="oc-241">
         <name>.text:_pconv_e</name>
         <load_address>0x3ed0</load_address>
         <run_address>0x3ed0</run_address>
         <size>0x13c</size>
         <input_file_ref idref="fl-eb"/>
      </object_component>
      <object_component id="oc-1b9">
         <name>.text</name>
         <load_address>0x400c</load_address>
         <run_address>0x400c</run_address>
         <size>0x136</size>
         <input_file_ref idref="fl-d1"/>
      </object_component>
      <object_component id="oc-f0">
         <name>.text</name>
         <load_address>0x4144</load_address>
         <run_address>0x4144</run_address>
         <size>0x130</size>
         <input_file_ref idref="fl-6"/>
      </object_component>
      <object_component id="oc-2fc">
         <name>.text:fcvt</name>
         <load_address>0x4274</load_address>
         <run_address>0x4274</run_address>
         <size>0x120</size>
         <input_file_ref idref="fl-eb"/>
      </object_component>
      <object_component id="oc-d8">
         <name>.text</name>
         <load_address>0x4394</load_address>
         <run_address>0x4394</run_address>
         <size>0x118</size>
         <input_file_ref idref="fl-c"/>
      </object_component>
      <object_component id="oc-27e">
         <name>.text:scalbn</name>
         <load_address>0x44ac</load_address>
         <run_address>0x44ac</run_address>
         <size>0x110</size>
         <input_file_ref idref="fl-cd"/>
      </object_component>
      <object_component id="oc-155">
         <name>.text</name>
         <load_address>0x45bc</load_address>
         <run_address>0x45bc</run_address>
         <size>0xfc</size>
         <input_file_ref idref="fl-d2"/>
      </object_component>
      <object_component id="oc-34c">
         <name>.text:floor</name>
         <load_address>0x46b8</load_address>
         <run_address>0x46b8</run_address>
         <size>0xf8</size>
         <input_file_ref idref="fl-e6"/>
      </object_component>
      <object_component id="oc-de">
         <name>.text</name>
         <load_address>0x47b0</load_address>
         <run_address>0x47b0</run_address>
         <size>0xd8</size>
         <input_file_ref idref="fl-5"/>
      </object_component>
      <object_component id="oc-22a">
         <name>.text:_ltostr</name>
         <load_address>0x4888</load_address>
         <run_address>0x4888</run_address>
         <size>0xb1</size>
         <input_file_ref idref="fl-eb"/>
      </object_component>
      <object_component id="oc-3b">
         <name>.text</name>
         <load_address>0x493a</load_address>
         <run_address>0x493a</run_address>
         <size>0x9c</size>
         <input_file_ref idref="fl-d5"/>
      </object_component>
      <object_component id="oc-2e2">
         <name>.text</name>
         <load_address>0x49d6</load_address>
         <run_address>0x49d6</run_address>
         <size>0x96</size>
         <input_file_ref idref="fl-f4"/>
      </object_component>
      <object_component id="oc-230">
         <name>.text:__aeabi_cdcmple</name>
         <load_address>0x4a6c</load_address>
         <run_address>0x4a6c</run_address>
         <size>0x86</size>
         <input_file_ref idref="fl-d0"/>
      </object_component>
      <object_component id="oc-279">
         <name>.text:__aeabi_cdrcmple</name>
         <load_address>0x4af2</load_address>
         <run_address>0x4af2</run_address>
         <size>0x86</size>
         <input_file_ref idref="fl-d0"/>
      </object_component>
      <object_component id="oc-93">
         <name>.text</name>
         <load_address>0x4b78</load_address>
         <run_address>0x4b78</run_address>
         <size>0x7a</size>
         <input_file_ref idref="fl-e7"/>
      </object_component>
      <object_component id="oc-2f5">
         <name>.text:_mcpy</name>
         <load_address>0x4bf2</load_address>
         <run_address>0x4bf2</run_address>
         <size>0x6e</size>
         <input_file_ref idref="fl-eb"/>
      </object_component>
      <object_component id="oc-12">
         <name>.text:decompress:lzss:__TI_decompress_lzss</name>
         <load_address>0x4c60</load_address>
         <run_address>0x4c60</run_address>
         <size>0x68</size>
         <input_file_ref idref="fl-d8"/>
      </object_component>
      <object_component id="oc-30a">
         <name>.text:frexp</name>
         <load_address>0x4cc8</load_address>
         <run_address>0x4cc8</run_address>
         <size>0x64</size>
         <input_file_ref idref="fl-f2"/>
      </object_component>
      <object_component id="oc-23b">
         <name>.text:_pconv_f</name>
         <load_address>0x4d2c</load_address>
         <run_address>0x4d2c</run_address>
         <size>0x56</size>
         <input_file_ref idref="fl-eb"/>
      </object_component>
      <object_component id="oc-2e9">
         <name>.text:ltoa</name>
         <load_address>0x4d82</load_address>
         <run_address>0x4d82</run_address>
         <size>0x54</size>
         <input_file_ref idref="fl-ee"/>
      </object_component>
      <object_component id="oc-2ef">
         <name>.text:_ecpy</name>
         <load_address>0x4dd6</load_address>
         <run_address>0x4dd6</run_address>
         <size>0x52</size>
         <input_file_ref idref="fl-eb"/>
      </object_component>
      <object_component id="oc-224">
         <name>.text:atoi</name>
         <load_address>0x4e28</load_address>
         <run_address>0x4e28</run_address>
         <size>0x4c</size>
         <input_file_ref idref="fl-ec"/>
      </object_component>
      <object_component id="oc-15f">
         <name>.text</name>
         <load_address>0x4e74</load_address>
         <run_address>0x4e74</run_address>
         <size>0x48</size>
         <input_file_ref idref="fl-d3"/>
      </object_component>
      <object_component id="oc-116">
         <name>.text:__TI_auto_init_nobinit_nopinit:__TI_auto_init_nobinit_nopinit</name>
         <load_address>0x4ebc</load_address>
         <run_address>0x4ebc</run_address>
         <size>0x44</size>
         <input_file_ref idref="fl-e8"/>
      </object_component>
      <object_component id="oc-f6">
         <name>.text:sprintf</name>
         <load_address>0x4f00</load_address>
         <run_address>0x4f00</run_address>
         <size>0x40</size>
         <input_file_ref idref="fl-df"/>
      </object_component>
      <object_component id="oc-172">
         <name>.text:vsnprintf</name>
         <load_address>0x4f40</load_address>
         <run_address>0x4f40</run_address>
         <size>0x40</size>
         <input_file_ref idref="fl-e2"/>
      </object_component>
      <object_component id="oc-302">
         <name>.text:_fcpy</name>
         <load_address>0x4f80</load_address>
         <run_address>0x4f80</run_address>
         <size>0x3e</size>
         <input_file_ref idref="fl-eb"/>
      </object_component>
      <object_component id="oc-59">
         <name>.text:_c_int00_noargs:_c_int00_noargs</name>
         <load_address>0x4fc0</load_address>
         <run_address>0x4fc0</run_address>
         <size>0x38</size>
         <input_file_ref idref="fl-d9"/>
      </object_component>
      <object_component id="oc-148">
         <name>.text:IntRegister</name>
         <load_address>0x4ff8</load_address>
         <run_address>0x4ff8</run_address>
         <size>0x34</size>
         <input_file_ref idref="fl-f6"/>
      </object_component>
      <object_component id="oc-1f9">
         <name>.text:_outs</name>
         <load_address>0x502c</load_address>
         <run_address>0x502c</run_address>
         <size>0x30</size>
         <input_file_ref idref="fl-e2"/>
      </object_component>
      <object_component id="oc-1ae">
         <name>.text</name>
         <load_address>0x505c</load_address>
         <run_address>0x505c</run_address>
         <size>0x2e</size>
         <input_file_ref idref="fl-d4"/>
      </object_component>
      <object_component id="oc-24d">
         <name>.text:memccpy</name>
         <load_address>0x508a</load_address>
         <run_address>0x508a</run_address>
         <size>0x1c</size>
         <input_file_ref idref="fl-ef"/>
      </object_component>
      <object_component id="oc-1ff">
         <name>.text:_outc</name>
         <load_address>0x50a6</load_address>
         <run_address>0x50a6</run_address>
         <size>0x18</size>
         <input_file_ref idref="fl-e2"/>
      </object_component>
      <object_component id="oc-19a">
         <name>.text:_outs</name>
         <load_address>0x50be</load_address>
         <run_address>0x50be</run_address>
         <size>0x18</size>
         <input_file_ref idref="fl-df"/>
      </object_component>
      <object_component id="oc-178">
         <name>.text:strcmp</name>
         <load_address>0x50d6</load_address>
         <run_address>0x50d6</run_address>
         <size>0x18</size>
         <input_file_ref idref="fl-e0"/>
      </object_component>
      <object_component id="oc-310">
         <name>.text:strchr</name>
         <load_address>0x50ee</load_address>
         <run_address>0x50ee</run_address>
         <size>0x16</size>
         <input_file_ref idref="fl-f0"/>
      </object_component>
      <object_component id="oc-336">
         <name>.text:copysign</name>
         <load_address>0x5104</load_address>
         <run_address>0x5104</run_address>
         <size>0x14</size>
         <input_file_ref idref="fl-ce"/>
      </object_component>
      <object_component id="oc-17e">
         <name>.text:strcpy</name>
         <load_address>0x5118</load_address>
         <run_address>0x5118</run_address>
         <size>0x14</size>
         <input_file_ref idref="fl-e1"/>
      </object_component>
      <object_component id="oc-21e">
         <name>.text:strlen</name>
         <load_address>0x512c</load_address>
         <run_address>0x512c</run_address>
         <size>0x14</size>
         <input_file_ref idref="fl-f1"/>
      </object_component>
      <object_component id="oc-47">
         <name>.text:decompress:ZI:__TI_zero_init_nomemset:__TI_zero_init_nomemset</name>
         <load_address>0x5140</load_address>
         <run_address>0x5140</run_address>
         <size>0x12</size>
         <input_file_ref idref="fl-d6"/>
      </object_component>
      <object_component id="oc-253">
         <name>.text:wcslen</name>
         <load_address>0x5152</load_address>
         <run_address>0x5152</run_address>
         <size>0x12</size>
         <input_file_ref idref="fl-f3"/>
      </object_component>
      <object_component id="oc-16b">
         <name>.text:lcd_clear</name>
         <load_address>0x5164</load_address>
         <run_address>0x5164</run_address>
         <size>0x10</size>
         <input_file_ref idref="fl-8"/>
      </object_component>
      <object_component id="oc-18">
         <name>.text:decompress:none:__TI_decompress_none</name>
         <load_address>0x5174</load_address>
         <run_address>0x5174</run_address>
         <size>0xe</size>
         <input_file_ref idref="fl-d7"/>
      </object_component>
      <object_component id="oc-27">
         <name>.text</name>
         <load_address>0x5182</load_address>
         <run_address>0x5182</run_address>
         <size>0xc</size>
         <input_file_ref idref="fl-2"/>
      </object_component>
      <object_component id="oc-1a0">
         <name>.text:_outc</name>
         <load_address>0x518e</load_address>
         <run_address>0x518e</run_address>
         <size>0xa</size>
         <input_file_ref idref="fl-df"/>
      </object_component>
      <object_component id="oc-259">
         <name>.text:__aeabi_errno_addr</name>
         <load_address>0x5198</load_address>
         <run_address>0x5198</run_address>
         <size>0x8</size>
         <input_file_ref idref="fl-da"/>
      </object_component>
      <object_component id="oc-99">
         <name>.text:_system_pre_init</name>
         <load_address>0x51a0</load_address>
         <run_address>0x51a0</run_address>
         <size>0x4</size>
         <input_file_ref idref="fl-e9"/>
      </object_component>
      <object_component id="oc-10a">
         <name>.text:abort:abort</name>
         <load_address>0x51a4</load_address>
         <run_address>0x51a4</run_address>
         <size>0x4</size>
         <input_file_ref idref="fl-db"/>
      </object_component>
      <object_component id="oc-352">
         <name>.const:$O1$$</name>
         <load_address>0x51a8</load_address>
         <run_address>0x51a8</run_address>
         <size>0x158</size>
         <input_file_ref idref="fl-e3"/>
      </object_component>
      <object_component id="oc-2dd">
         <name>.const:.string:_ctypes_</name>
         <load_address>0x5300</load_address>
         <run_address>0x5300</run_address>
         <size>0x101</size>
         <input_file_ref idref="fl-ed"/>
      </object_component>
      <object_component id="oc-184">
         <name>.const:.string:lineAddress$1</name>
         <load_address>0x5401</load_address>
         <run_address>0x5401</run_address>
         <size>0x4</size>
         <input_file_ref idref="fl-8"/>
      </object_component>
      <object_component id="oc-276">
         <name>.const:$O1$$</name>
         <load_address>0x5408</load_address>
         <run_address>0x5408</run_address>
         <size>0x30</size>
         <input_file_ref idref="fl-ca"/>
      </object_component>
      <object_component id="oc-185">
         <name>.const:.string:lineAddresses$2</name>
         <load_address>0x5438</load_address>
         <run_address>0x5438</run_address>
         <size>0x4</size>
         <input_file_ref idref="fl-8"/>
      </object_component>
      <object_component id="oc-3dc">
         <name>__TI_handler_table</name>
         <load_address>0x5440</load_address>
         <run_address>0x5440</run_address>
         <size>0xc</size>
      </object_component>
      <object_component id="oc-3e0">
         <name>.cinit..bss.load</name>
         <load_address>0x5450</load_address>
         <run_address>0x5450</run_address>
         <size>0x8</size>
      </object_component>
      <object_component id="oc-3de">
         <name>.cinit..vtable.load</name>
         <load_address>0x5458</load_address>
         <run_address>0x5458</run_address>
         <size>0x8</size>
      </object_component>
      <object_component id="oc-3df">
         <name>.cinit..data.load</name>
         <load_address>0x5460</load_address>
         <run_address>0x5460</run_address>
         <size>0x7</size>
      </object_component>
      <object_component id="oc-3dd">
         <name>__TI_cinit_table</name>
         <load_address>0x5468</load_address>
         <run_address>0x5468</run_address>
         <size>0x18</size>
      </object_component>
      <object_component id="oc-1e8">
         <name>.vtable</name>
         <uninitialized>true</uninitialized>
         <run_address>0x20000000</run_address>
         <size>0x26c</size>
         <input_file_ref idref="fl-f6"/>
      </object_component>
      <object_component id="oc-18e">
         <name>.data</name>
         <load_address>0x200022e8</load_address>
         <run_address>0x200022e8</run_address>
         <size>0x1</size>
         <input_file_ref idref="fl-6"/>
      </object_component>
      <object_component id="oc-320">
         <name>.data</name>
         <load_address>0x200022e4</load_address>
         <run_address>0x200022e4</run_address>
         <size>0x4</size>
         <input_file_ref idref="fl-da"/>
      </object_component>
      <object_component id="oc-186">
         <name>.bss:lastbuffer$3</name>
         <uninitialized>true</uninitialized>
         <run_address>0x20002270</run_address>
         <size>0x54</size>
         <input_file_ref idref="fl-8"/>
      </object_component>
      <object_component id="oc-18f">
         <name>.common:button_event_ptr</name>
         <uninitialized>true</uninitialized>
         <run_address>0x200022cc</run_address>
         <size>0x4</size>
      </object_component>
      <object_component id="oc-192">
         <name>.common:button_num_ptr</name>
         <uninitialized>true</uninitialized>
         <run_address>0x200022d0</run_address>
         <size>0x4</size>
      </object_component>
      <object_component id="oc-14e">
         <name>.common:state</name>
         <uninitialized>true</uninitialized>
         <run_address>0x200022d8</run_address>
         <size>0x4</size>
      </object_component>
      <object_component id="oc-153">
         <name>.common:done_flag</name>
         <uninitialized>true</uninitialized>
         <run_address>0x200022d4</run_address>
         <size>0x4</size>
      </object_component>
      <object_component id="oc-151">
         <name>.common:timer_start</name>
         <uninitialized>true</uninitialized>
         <run_address>0x200022e0</run_address>
         <size>0x4</size>
      </object_component>
      <object_component id="oc-152">
         <name>.common:timer_end</name>
         <uninitialized>true</uninitialized>
         <run_address>0x200022dc</run_address>
         <size>0x4</size>
      </object_component>
      <object_component id="oc-166">
         <name>.common:RX_event_ptr</name>
         <uninitialized>true</uninitialized>
         <run_address>0x200022c8</run_address>
         <size>0x4</size>
      </object_component>
      <object_component id="oc-169">
         <name>.common:RX_char_ptr</name>
         <uninitialized>true</uninitialized>
         <run_address>0x200022c4</run_address>
         <size>0x4</size>
      </object_component>
      <object_component id="oc-24">
         <name>.sysmem</name>
         <uninitialized>true</uninitialized>
         <run_address>0x20001270</run_address>
         <size>0x8</size>
         <input_file_ref idref="fl-dc"/>
      </object_component>
      <object_component id="oc-3e2">
         <name>.sysmem</name>
         <uninitialized>true</uninitialized>
         <run_address>0x20001270</run_address>
         <size>0x0</size>
      </object_component>
      <object_component id="oc-21">
         <name>.stack</name>
         <uninitialized>true</uninitialized>
         <run_address>0x20000270</run_address>
         <size>0x4</size>
         <input_file_ref idref="fl-d9"/>
      </object_component>
      <object_component id="oc-3e1">
         <name>.stack</name>
         <uninitialized>true</uninitialized>
         <run_address>0x20000270</run_address>
         <size>0x0</size>
      </object_component>
      <object_component id="oc-2f">
         <name>.debug_info</name>
         <load_address>0x0</load_address>
         <run_address>0x0</run_address>
         <size>0x29d</size>
         <input_file_ref idref="fl-2"/>
      </object_component>
      <object_component id="oc-10">
         <name>.debug_info</name>
         <load_address>0x29d</load_address>
         <run_address>0x29d</run_address>
         <size>0xdc</size>
         <input_file_ref idref="fl-2"/>
      </object_component>
      <object_component id="oc-28">
         <name>.debug_info</name>
         <load_address>0x379</load_address>
         <run_address>0x379</run_address>
         <size>0x258</size>
         <input_file_ref idref="fl-2"/>
      </object_component>
      <object_component id="oc-74">
         <name>.debug_info</name>
         <load_address>0x5d1</load_address>
         <run_address>0x5d1</run_address>
         <size>0x26b</size>
         <input_file_ref idref="fl-2"/>
      </object_component>
      <object_component id="oc-36">
         <name>.debug_info</name>
         <load_address>0x83c</load_address>
         <run_address>0x83c</run_address>
         <size>0x84</size>
         <input_file_ref idref="fl-2"/>
      </object_component>
      <object_component id="oc-bd">
         <name>.debug_info</name>
         <load_address>0x8c0</load_address>
         <run_address>0x8c0</run_address>
         <size>0x297</size>
         <input_file_ref idref="fl-2"/>
      </object_component>
      <object_component id="oc-79">
         <name>.debug_info</name>
         <load_address>0xb57</load_address>
         <run_address>0xb57</run_address>
         <size>0xbb</size>
         <input_file_ref idref="fl-2"/>
      </object_component>
      <object_component id="oc-2da">
         <name>.debug_info</name>
         <load_address>0xc12</load_address>
         <run_address>0xc12</run_address>
         <size>0x31b</size>
         <input_file_ref idref="fl-3"/>
      </object_component>
      <object_component id="oc-217">
         <name>.debug_info</name>
         <load_address>0xf2d</load_address>
         <run_address>0xf2d</run_address>
         <size>0xcc</size>
         <input_file_ref idref="fl-3"/>
      </object_component>
      <object_component id="oc-189">
         <name>.debug_info</name>
         <load_address>0xff9</load_address>
         <run_address>0xff9</run_address>
         <size>0x2c</size>
         <input_file_ref idref="fl-3"/>
      </object_component>
      <object_component id="oc-109">
         <name>.debug_info</name>
         <load_address>0x1025</load_address>
         <run_address>0x1025</run_address>
         <size>0x4a0</size>
         <input_file_ref idref="fl-4"/>
      </object_component>
      <object_component id="oc-a0">
         <name>.debug_info</name>
         <load_address>0x14c5</load_address>
         <run_address>0x14c5</run_address>
         <size>0x303</size>
         <input_file_ref idref="fl-4"/>
      </object_component>
      <object_component id="oc-df">
         <name>.debug_info</name>
         <load_address>0x17c8</load_address>
         <run_address>0x17c8</run_address>
         <size>0x163</size>
         <input_file_ref idref="fl-5"/>
      </object_component>
      <object_component id="oc-1a9">
         <name>.debug_info</name>
         <load_address>0x192b</load_address>
         <run_address>0x192b</run_address>
         <size>0x2c</size>
         <input_file_ref idref="fl-5"/>
      </object_component>
      <object_component id="oc-190">
         <name>.debug_info</name>
         <load_address>0x1957</load_address>
         <run_address>0x1957</run_address>
         <size>0x340</size>
         <input_file_ref idref="fl-6"/>
      </object_component>
      <object_component id="oc-f2">
         <name>.debug_info</name>
         <load_address>0x1c97</load_address>
         <run_address>0x1c97</run_address>
         <size>0x3d3</size>
         <input_file_ref idref="fl-6"/>
      </object_component>
      <object_component id="oc-1c5">
         <name>.debug_info</name>
         <load_address>0x206a</load_address>
         <run_address>0x206a</run_address>
         <size>0x413</size>
         <input_file_ref idref="fl-7"/>
      </object_component>
      <object_component id="oc-103">
         <name>.debug_info</name>
         <load_address>0x247d</load_address>
         <run_address>0x247d</run_address>
         <size>0x5fe</size>
         <input_file_ref idref="fl-7"/>
      </object_component>
      <object_component id="oc-2a3">
         <name>.debug_info</name>
         <load_address>0x2a7b</load_address>
         <run_address>0x2a7b</run_address>
         <size>0xa5</size>
         <input_file_ref idref="fl-7"/>
      </object_component>
      <object_component id="oc-188">
         <name>.debug_info</name>
         <load_address>0x2b20</load_address>
         <run_address>0x2b20</run_address>
         <size>0x386</size>
         <input_file_ref idref="fl-8"/>
      </object_component>
      <object_component id="oc-16d">
         <name>.debug_info</name>
         <load_address>0x2ea6</load_address>
         <run_address>0x2ea6</run_address>
         <size>0x137</size>
         <input_file_ref idref="fl-8"/>
      </object_component>
      <object_component id="oc-eb">
         <name>.debug_info</name>
         <load_address>0x2fdd</load_address>
         <run_address>0x2fdd</run_address>
         <size>0x990</size>
         <input_file_ref idref="fl-8"/>
      </object_component>
      <object_component id="oc-14f">
         <name>.debug_info</name>
         <load_address>0x396d</load_address>
         <run_address>0x396d</run_address>
         <size>0x382</size>
         <input_file_ref idref="fl-b"/>
      </object_component>
      <object_component id="oc-d4">
         <name>.debug_info</name>
         <load_address>0x3cef</load_address>
         <run_address>0x3cef</run_address>
         <size>0x2e0</size>
         <input_file_ref idref="fl-b"/>
      </object_component>
      <object_component id="oc-d9">
         <name>.debug_info</name>
         <load_address>0x3fcf</load_address>
         <run_address>0x3fcf</run_address>
         <size>0x1ee</size>
         <input_file_ref idref="fl-c"/>
      </object_component>
      <object_component id="oc-167">
         <name>.debug_info</name>
         <load_address>0x41bd</load_address>
         <run_address>0x41bd</run_address>
         <size>0x303</size>
         <input_file_ref idref="fl-d"/>
      </object_component>
      <object_component id="oc-e5">
         <name>.debug_info</name>
         <load_address>0x44c0</load_address>
         <run_address>0x44c0</run_address>
         <size>0x439</size>
         <input_file_ref idref="fl-d"/>
      </object_component>
      <object_component id="oc-fe">
         <name>.debug_info</name>
         <load_address>0x48f9</load_address>
         <run_address>0x48f9</run_address>
         <size>0x48b</size>
         <input_file_ref idref="fl-e"/>
      </object_component>
      <object_component id="oc-28a">
         <name>.debug_info</name>
         <load_address>0x4d84</load_address>
         <run_address>0x4d84</run_address>
         <size>0x358</size>
         <input_file_ref idref="fl-ca"/>
      </object_component>
      <object_component id="oc-277">
         <name>.debug_info</name>
         <load_address>0x50dc</load_address>
         <run_address>0x50dc</run_address>
         <size>0x11d</size>
         <input_file_ref idref="fl-ca"/>
      </object_component>
      <object_component id="oc-1b4">
         <name>.debug_info</name>
         <load_address>0x51f9</load_address>
         <run_address>0x51f9</run_address>
         <size>0xbd9</size>
         <input_file_ref idref="fl-ca"/>
      </object_component>
      <object_component id="oc-343">
         <name>.debug_info</name>
         <load_address>0x5dd2</load_address>
         <run_address>0x5dd2</run_address>
         <size>0x46</size>
         <input_file_ref idref="fl-ca"/>
      </object_component>
      <object_component id="oc-285">
         <name>.debug_info</name>
         <load_address>0x5e18</load_address>
         <run_address>0x5e18</run_address>
         <size>0x39</size>
         <input_file_ref idref="fl-ca"/>
      </object_component>
      <object_component id="oc-332">
         <name>.debug_info</name>
         <load_address>0x5e51</load_address>
         <run_address>0x5e51</run_address>
         <size>0x2bf</size>
         <input_file_ref idref="fl-cb"/>
      </object_component>
      <object_component id="oc-271">
         <name>.debug_info</name>
         <load_address>0x6110</load_address>
         <run_address>0x6110</run_address>
         <size>0x242</size>
         <input_file_ref idref="fl-cb"/>
      </object_component>
      <object_component id="oc-2a0">
         <name>.debug_info</name>
         <load_address>0x6352</load_address>
         <run_address>0x6352</run_address>
         <size>0x390</size>
         <input_file_ref idref="fl-cc"/>
      </object_component>
      <object_component id="oc-1bf">
         <name>.debug_info</name>
         <load_address>0x66e2</load_address>
         <run_address>0x66e2</run_address>
         <size>0x790</size>
         <input_file_ref idref="fl-cc"/>
      </object_component>
      <object_component id="oc-33d">
         <name>.debug_info</name>
         <load_address>0x6e72</load_address>
         <run_address>0x6e72</run_address>
         <size>0x2f2</size>
         <input_file_ref idref="fl-cd"/>
      </object_component>
      <object_component id="oc-27f">
         <name>.debug_info</name>
         <load_address>0x7164</load_address>
         <run_address>0x7164</run_address>
         <size>0x21a</size>
         <input_file_ref idref="fl-cd"/>
      </object_component>
      <object_component id="oc-39b">
         <name>.debug_info</name>
         <load_address>0x737e</load_address>
         <run_address>0x737e</run_address>
         <size>0x39</size>
         <input_file_ref idref="fl-cd"/>
      </object_component>
      <object_component id="oc-33e">
         <name>.debug_info</name>
         <load_address>0x73b7</load_address>
         <run_address>0x73b7</run_address>
         <size>0x2c</size>
         <input_file_ref idref="fl-cd"/>
      </object_component>
      <object_component id="oc-337">
         <name>.debug_info</name>
         <load_address>0x73e3</load_address>
         <run_address>0x73e3</run_address>
         <size>0x156</size>
         <input_file_ref idref="fl-ce"/>
      </object_component>
      <object_component id="oc-15b">
         <name>.debug_info</name>
         <load_address>0x7539</load_address>
         <run_address>0x7539</run_address>
         <size>0x144</size>
         <input_file_ref idref="fl-cf"/>
      </object_component>
      <object_component id="oc-231">
         <name>.debug_info</name>
         <load_address>0x767d</load_address>
         <run_address>0x767d</run_address>
         <size>0x120</size>
         <input_file_ref idref="fl-d0"/>
      </object_component>
      <object_component id="oc-27a">
         <name>.debug_info</name>
         <load_address>0x779d</load_address>
         <run_address>0x779d</run_address>
         <size>0x122</size>
         <input_file_ref idref="fl-d0"/>
      </object_component>
      <object_component id="oc-1ba">
         <name>.debug_info</name>
         <load_address>0x78bf</load_address>
         <run_address>0x78bf</run_address>
         <size>0x132</size>
         <input_file_ref idref="fl-d1"/>
      </object_component>
      <object_component id="oc-156">
         <name>.debug_info</name>
         <load_address>0x79f1</load_address>
         <run_address>0x79f1</run_address>
         <size>0x132</size>
         <input_file_ref idref="fl-d2"/>
      </object_component>
      <object_component id="oc-160">
         <name>.debug_info</name>
         <load_address>0x7b23</load_address>
         <run_address>0x7b23</run_address>
         <size>0x126</size>
         <input_file_ref idref="fl-d3"/>
      </object_component>
      <object_component id="oc-1af">
         <name>.debug_info</name>
         <load_address>0x7c49</load_address>
         <run_address>0x7c49</run_address>
         <size>0x124</size>
         <input_file_ref idref="fl-d4"/>
      </object_component>
      <object_component id="oc-3e">
         <name>.debug_info</name>
         <load_address>0x7d6d</load_address>
         <run_address>0x7d6d</run_address>
         <size>0x111</size>
         <input_file_ref idref="fl-d5"/>
      </object_component>
      <object_component id="oc-92">
         <name>.debug_info</name>
         <load_address>0x7e7e</load_address>
         <run_address>0x7e7e</run_address>
         <size>0x313</size>
         <input_file_ref idref="fl-d6"/>
      </object_component>
      <object_component id="oc-4b">
         <name>.debug_info</name>
         <load_address>0x8191</load_address>
         <run_address>0x8191</run_address>
         <size>0x1b4</size>
         <input_file_ref idref="fl-d6"/>
      </object_component>
      <object_component id="oc-8d">
         <name>.debug_info</name>
         <load_address>0x8345</load_address>
         <run_address>0x8345</run_address>
         <size>0x46</size>
         <input_file_ref idref="fl-d6"/>
      </object_component>
      <object_component id="oc-c9">
         <name>.debug_info</name>
         <load_address>0x838b</load_address>
         <run_address>0x838b</run_address>
         <size>0x2c</size>
         <input_file_ref idref="fl-d6"/>
      </object_component>
      <object_component id="oc-46">
         <name>.debug_info</name>
         <load_address>0x83b7</load_address>
         <run_address>0x83b7</run_address>
         <size>0x29d</size>
         <input_file_ref idref="fl-d7"/>
      </object_component>
      <object_component id="oc-19">
         <name>.debug_info</name>
         <load_address>0x8654</load_address>
         <run_address>0x8654</run_address>
         <size>0x1df</size>
         <input_file_ref idref="fl-d7"/>
      </object_component>
      <object_component id="oc-41">
         <name>.debug_info</name>
         <load_address>0x8833</load_address>
         <run_address>0x8833</run_address>
         <size>0x46</size>
         <input_file_ref idref="fl-d7"/>
      </object_component>
      <object_component id="oc-85">
         <name>.debug_info</name>
         <load_address>0x8879</load_address>
         <run_address>0x8879</run_address>
         <size>0x2c</size>
         <input_file_ref idref="fl-d7"/>
      </object_component>
      <object_component id="oc-83">
         <name>.debug_info</name>
         <load_address>0x88a5</load_address>
         <run_address>0x88a5</run_address>
         <size>0x293</size>
         <input_file_ref idref="fl-d8"/>
      </object_component>
      <object_component id="oc-13">
         <name>.debug_info</name>
         <load_address>0x8b38</load_address>
         <run_address>0x8b38</run_address>
         <size>0x245</size>
         <input_file_ref idref="fl-d8"/>
      </object_component>
      <object_component id="oc-31">
         <name>.debug_info</name>
         <load_address>0x8d7d</load_address>
         <run_address>0x8d7d</run_address>
         <size>0x60</size>
         <input_file_ref idref="fl-d8"/>
      </object_component>
      <object_component id="oc-c2">
         <name>.debug_info</name>
         <load_address>0x8ddd</load_address>
         <run_address>0x8ddd</run_address>
         <size>0x46</size>
         <input_file_ref idref="fl-d8"/>
      </object_component>
      <object_component id="oc-7e">
         <name>.debug_info</name>
         <load_address>0x8e23</load_address>
         <run_address>0x8e23</run_address>
         <size>0x39</size>
         <input_file_ref idref="fl-d8"/>
      </object_component>
      <object_component id="oc-22">
         <name>.debug_info</name>
         <load_address>0x8e5c</load_address>
         <run_address>0x8e5c</run_address>
         <size>0x100</size>
         <input_file_ref idref="fl-d9"/>
      </object_component>
      <object_component id="oc-5c">
         <name>.debug_info</name>
         <load_address>0x8f5c</load_address>
         <run_address>0x8f5c</run_address>
         <size>0x1a4</size>
         <input_file_ref idref="fl-d9"/>
      </object_component>
      <object_component id="oc-324">
         <name>.debug_info</name>
         <load_address>0x9100</load_address>
         <run_address>0x9100</run_address>
         <size>0x27e</size>
         <input_file_ref idref="fl-da"/>
      </object_component>
      <object_component id="oc-321">
         <name>.debug_info</name>
         <load_address>0x937e</load_address>
         <run_address>0x937e</run_address>
         <size>0x103</size>
         <input_file_ref idref="fl-da"/>
      </object_component>
      <object_component id="oc-25c">
         <name>.debug_info</name>
         <load_address>0x9481</load_address>
         <run_address>0x9481</run_address>
         <size>0x143</size>
         <input_file_ref idref="fl-da"/>
      </object_component>
      <object_component id="oc-10e">
         <name>.debug_info</name>
         <load_address>0x95c4</load_address>
         <run_address>0x95c4</run_address>
         <size>0x117</size>
         <input_file_ref idref="fl-db"/>
      </object_component>
      <object_component id="oc-6f">
         <name>.debug_info</name>
         <load_address>0x96db</load_address>
         <run_address>0x96db</run_address>
         <size>0x3bb</size>
         <input_file_ref idref="fl-dc"/>
      </object_component>
      <object_component id="oc-25">
         <name>.debug_info</name>
         <load_address>0x9a96</load_address>
         <run_address>0x9a96</run_address>
         <size>0x101</size>
         <input_file_ref idref="fl-dc"/>
      </object_component>
      <object_component id="oc-b3">
         <name>.debug_info</name>
         <load_address>0x9b97</load_address>
         <run_address>0x9b97</run_address>
         <size>0x2c</size>
         <input_file_ref idref="fl-dc"/>
      </object_component>
      <object_component id="oc-b8">
         <name>.debug_info</name>
         <load_address>0x9bc3</load_address>
         <run_address>0x9bc3</run_address>
         <size>0x62</size>
         <input_file_ref idref="fl-dc"/>
      </object_component>
      <object_component id="oc-1a7">
         <name>.debug_info</name>
         <load_address>0x9c25</load_address>
         <run_address>0x9c25</run_address>
         <size>0x328</size>
         <input_file_ref idref="fl-df"/>
      </object_component>
      <object_component id="oc-f9">
         <name>.debug_info</name>
         <load_address>0x9f4d</load_address>
         <run_address>0x9f4d</run_address>
         <size>0x1c6</size>
         <input_file_ref idref="fl-df"/>
      </object_component>
      <object_component id="oc-19c">
         <name>.debug_info</name>
         <load_address>0xa113</load_address>
         <run_address>0xa113</run_address>
         <size>0x182</size>
         <input_file_ref idref="fl-df"/>
      </object_component>
      <object_component id="oc-1a3">
         <name>.debug_info</name>
         <load_address>0xa295</load_address>
         <run_address>0xa295</run_address>
         <size>0x162</size>
         <input_file_ref idref="fl-df"/>
      </object_component>
      <object_component id="oc-207">
         <name>.debug_info</name>
         <load_address>0xa3f7</load_address>
         <run_address>0xa3f7</run_address>
         <size>0x2c</size>
         <input_file_ref idref="fl-df"/>
      </object_component>
      <object_component id="oc-212">
         <name>.debug_info</name>
         <load_address>0xa423</load_address>
         <run_address>0xa423</run_address>
         <size>0x27f</size>
         <input_file_ref idref="fl-e0"/>
      </object_component>
      <object_component id="oc-17c">
         <name>.debug_info</name>
         <load_address>0xa6a2</load_address>
         <run_address>0xa6a2</run_address>
         <size>0x258</size>
         <input_file_ref idref="fl-e0"/>
      </object_component>
      <object_component id="oc-214">
         <name>.debug_info</name>
         <load_address>0xa8fa</load_address>
         <run_address>0xa8fa</run_address>
         <size>0x299</size>
         <input_file_ref idref="fl-e1"/>
      </object_component>
      <object_component id="oc-17f">
         <name>.debug_info</name>
         <load_address>0xab93</load_address>
         <run_address>0xab93</run_address>
         <size>0x231</size>
         <input_file_ref idref="fl-e1"/>
      </object_component>
      <object_component id="oc-206">
         <name>.debug_info</name>
         <load_address>0xadc4</load_address>
         <run_address>0xadc4</run_address>
         <size>0x335</size>
         <input_file_ref idref="fl-e2"/>
      </object_component>
      <object_component id="oc-173">
         <name>.debug_info</name>
         <load_address>0xb0f9</load_address>
         <run_address>0xb0f9</run_address>
         <size>0x1fd</size>
         <input_file_ref idref="fl-e2"/>
      </object_component>
      <object_component id="oc-1fa">
         <name>.debug_info</name>
         <load_address>0xb2f6</load_address>
         <run_address>0xb2f6</run_address>
         <size>0x1bb</size>
         <input_file_ref idref="fl-e2"/>
      </object_component>
      <object_component id="oc-200">
         <name>.debug_info</name>
         <load_address>0xb4b1</load_address>
         <run_address>0xb4b1</run_address>
         <size>0x16e</size>
         <input_file_ref idref="fl-e2"/>
      </object_component>
      <object_component id="oc-20c">
         <name>.debug_info</name>
         <load_address>0xb61f</load_address>
         <run_address>0xb61f</run_address>
         <size>0x69</size>
         <input_file_ref idref="fl-e2"/>
      </object_component>
      <object_component id="oc-356">
         <name>.debug_info</name>
         <load_address>0xb688</load_address>
         <run_address>0xb688</run_address>
         <size>0x39f</size>
         <input_file_ref idref="fl-e3"/>
      </object_component>
      <object_component id="oc-353">
         <name>.debug_info</name>
         <load_address>0xba27</load_address>
         <run_address>0xba27</run_address>
         <size>0x12f</size>
         <input_file_ref idref="fl-e3"/>
      </object_component>
      <object_component id="oc-296">
         <name>.debug_info</name>
         <load_address>0xbb56</load_address>
         <run_address>0xbb56</run_address>
         <size>0x724</size>
         <input_file_ref idref="fl-e3"/>
      </object_component>
      <object_component id="oc-34b">
         <name>.debug_info</name>
         <load_address>0xc27a</load_address>
         <run_address>0xc27a</run_address>
         <size>0x282</size>
         <input_file_ref idref="fl-e4"/>
      </object_component>
      <object_component id="oc-291">
         <name>.debug_info</name>
         <load_address>0xc4fc</load_address>
         <run_address>0xc4fc</run_address>
         <size>0x31c</size>
         <input_file_ref idref="fl-e4"/>
      </object_component>
      <object_component id="oc-359">
         <name>.debug_info</name>
         <load_address>0xc818</load_address>
         <run_address>0xc818</run_address>
         <size>0x287</size>
         <input_file_ref idref="fl-e5"/>
      </object_component>
      <object_component id="oc-29b">
         <name>.debug_info</name>
         <load_address>0xca9f</load_address>
         <run_address>0xca9f</run_address>
         <size>0x375</size>
         <input_file_ref idref="fl-e5"/>
      </object_component>
      <object_component id="oc-3a3">
         <name>.debug_info</name>
         <load_address>0xce14</load_address>
         <run_address>0xce14</run_address>
         <size>0x284</size>
         <input_file_ref idref="fl-e6"/>
      </object_component>
      <object_component id="oc-34e">
         <name>.debug_info</name>
         <load_address>0xd098</load_address>
         <run_address>0xd098</run_address>
         <size>0x21f</size>
         <input_file_ref idref="fl-e6"/>
      </object_component>
      <object_component id="oc-94">
         <name>.debug_info</name>
         <load_address>0xd2b7</load_address>
         <run_address>0xd2b7</run_address>
         <size>0x13f</size>
         <input_file_ref idref="fl-e7"/>
      </object_component>
      <object_component id="oc-1d3">
         <name>.debug_info</name>
         <load_address>0xd3f6</load_address>
         <run_address>0xd3f6</run_address>
         <size>0x547</size>
         <input_file_ref idref="fl-e8"/>
      </object_component>
      <object_component id="oc-118">
         <name>.debug_info</name>
         <load_address>0xd93d</load_address>
         <run_address>0xd93d</run_address>
         <size>0x19b</size>
         <input_file_ref idref="fl-e8"/>
      </object_component>
      <object_component id="oc-2b8">
         <name>.debug_info</name>
         <load_address>0xdad8</load_address>
         <run_address>0xdad8</run_address>
         <size>0x39</size>
         <input_file_ref idref="fl-e8"/>
      </object_component>
      <object_component id="oc-35f">
         <name>.debug_info</name>
         <load_address>0xdb11</load_address>
         <run_address>0xdb11</run_address>
         <size>0x39</size>
         <input_file_ref idref="fl-e8"/>
      </object_component>
      <object_component id="oc-2bd">
         <name>.debug_info</name>
         <load_address>0xdb4a</load_address>
         <run_address>0xdb4a</run_address>
         <size>0x39</size>
         <input_file_ref idref="fl-e8"/>
      </object_component>
      <object_component id="oc-2c2">
         <name>.debug_info</name>
         <load_address>0xdb83</load_address>
         <run_address>0xdb83</run_address>
         <size>0xcd</size>
         <input_file_ref idref="fl-e8"/>
      </object_component>
      <object_component id="oc-9b">
         <name>.debug_info</name>
         <load_address>0xdc50</load_address>
         <run_address>0xdc50</run_address>
         <size>0x148</size>
         <input_file_ref idref="fl-e9"/>
      </object_component>
      <object_component id="oc-260">
         <name>.debug_info</name>
         <load_address>0xdd98</load_address>
         <run_address>0xdd98</run_address>
         <size>0x8a6</size>
         <input_file_ref idref="fl-eb"/>
      </object_component>
      <object_component id="oc-22b">
         <name>.debug_info</name>
         <load_address>0xe63e</load_address>
         <run_address>0xe63e</run_address>
         <size>0x213</size>
         <input_file_ref idref="fl-eb"/>
      </object_component>
      <object_component id="oc-2f0">
         <name>.debug_info</name>
         <load_address>0xe851</load_address>
         <run_address>0xe851</run_address>
         <size>0x1a8</size>
         <input_file_ref idref="fl-eb"/>
      </object_component>
      <object_component id="oc-2f6">
         <name>.debug_info</name>
         <load_address>0xe9f9</load_address>
         <run_address>0xe9f9</run_address>
         <size>0x210</size>
         <input_file_ref idref="fl-eb"/>
      </object_component>
      <object_component id="oc-236">
         <name>.debug_info</name>
         <load_address>0xec09</load_address>
         <run_address>0xec09</run_address>
         <size>0x3b0</size>
         <input_file_ref idref="fl-eb"/>
      </object_component>
      <object_component id="oc-2fd">
         <name>.debug_info</name>
         <load_address>0xefb9</load_address>
         <run_address>0xefb9</run_address>
         <size>0x2fa</size>
         <input_file_ref idref="fl-eb"/>
      </object_component>
      <object_component id="oc-303">
         <name>.debug_info</name>
         <load_address>0xf2b3</load_address>
         <run_address>0xf2b3</run_address>
         <size>0x20a</size>
         <input_file_ref idref="fl-eb"/>
      </object_component>
      <object_component id="oc-23c">
         <name>.debug_info</name>
         <load_address>0xf4bd</load_address>
         <run_address>0xf4bd</run_address>
         <size>0x20a</size>
         <input_file_ref idref="fl-eb"/>
      </object_component>
      <object_component id="oc-242">
         <name>.debug_info</name>
         <load_address>0xf6c7</load_address>
         <run_address>0xf6c7</run_address>
         <size>0x2f9</size>
         <input_file_ref idref="fl-eb"/>
      </object_component>
      <object_component id="oc-248">
         <name>.debug_info</name>
         <load_address>0xf9c0</load_address>
         <run_address>0xf9c0</run_address>
         <size>0x4a5</size>
         <input_file_ref idref="fl-eb"/>
      </object_component>
      <object_component id="oc-195">
         <name>.debug_info</name>
         <load_address>0xfe65</load_address>
         <run_address>0xfe65</run_address>
         <size>0x5cd</size>
         <input_file_ref idref="fl-eb"/>
      </object_component>
      <object_component id="oc-261">
         <name>.debug_info</name>
         <load_address>0x10432</load_address>
         <run_address>0x10432</run_address>
         <size>0x86</size>
         <input_file_ref idref="fl-eb"/>
      </object_component>
      <object_component id="oc-327">
         <name>.debug_info</name>
         <load_address>0x104b8</load_address>
         <run_address>0x104b8</run_address>
         <size>0x39</size>
         <input_file_ref idref="fl-eb"/>
      </object_component>
      <object_component id="oc-391">
         <name>.debug_info</name>
         <load_address>0x104f1</load_address>
         <run_address>0x104f1</run_address>
         <size>0xb6</size>
         <input_file_ref idref="fl-eb"/>
      </object_component>
      <object_component id="oc-32c">
         <name>.debug_info</name>
         <load_address>0x105a7</load_address>
         <run_address>0x105a7</run_address>
         <size>0x46</size>
         <input_file_ref idref="fl-eb"/>
      </object_component>
      <object_component id="oc-266">
         <name>.debug_info</name>
         <load_address>0x105ed</load_address>
         <run_address>0x105ed</run_address>
         <size>0x46</size>
         <input_file_ref idref="fl-eb"/>
      </object_component>
      <object_component id="oc-2e1">
         <name>.debug_info</name>
         <load_address>0x10633</load_address>
         <run_address>0x10633</run_address>
         <size>0x2ae</size>
         <input_file_ref idref="fl-ec"/>
      </object_component>
      <object_component id="oc-228">
         <name>.debug_info</name>
         <load_address>0x108e1</load_address>
         <run_address>0x108e1</run_address>
         <size>0x171</size>
         <input_file_ref idref="fl-ec"/>
      </object_component>
      <object_component id="oc-371">
         <name>.debug_info</name>
         <load_address>0x10a52</load_address>
         <run_address>0x10a52</run_address>
         <size>0xee</size>
         <input_file_ref idref="fl-ed"/>
      </object_component>
      <object_component id="oc-2de">
         <name>.debug_info</name>
         <load_address>0x10b40</load_address>
         <run_address>0x10b40</run_address>
         <size>0xfa</size>
         <input_file_ref idref="fl-ed"/>
      </object_component>
      <object_component id="oc-37b">
         <name>.debug_info</name>
         <load_address>0x10c3a</load_address>
         <run_address>0x10c3a</run_address>
         <size>0x290</size>
         <input_file_ref idref="fl-ee"/>
      </object_component>
      <object_component id="oc-2ea">
         <name>.debug_info</name>
         <load_address>0x10eca</load_address>
         <run_address>0x10eca</run_address>
         <size>0x1c2</size>
         <input_file_ref idref="fl-ee"/>
      </object_component>
      <object_component id="oc-318">
         <name>.debug_info</name>
         <load_address>0x1108c</load_address>
         <run_address>0x1108c</run_address>
         <size>0x28b</size>
         <input_file_ref idref="fl-ef"/>
      </object_component>
      <object_component id="oc-24e">
         <name>.debug_info</name>
         <load_address>0x11317</load_address>
         <run_address>0x11317</run_address>
         <size>0x1ab</size>
         <input_file_ref idref="fl-ef"/>
      </object_component>
      <object_component id="oc-383">
         <name>.debug_info</name>
         <load_address>0x114c2</load_address>
         <run_address>0x114c2</run_address>
         <size>0x28f</size>
         <input_file_ref idref="fl-f0"/>
      </object_component>
      <object_component id="oc-312">
         <name>.debug_info</name>
         <load_address>0x11751</load_address>
         <run_address>0x11751</run_address>
         <size>0x247</size>
         <input_file_ref idref="fl-f0"/>
      </object_component>
      <object_component id="oc-2dc">
         <name>.debug_info</name>
         <load_address>0x11998</load_address>
         <run_address>0x11998</run_address>
         <size>0x284</size>
         <input_file_ref idref="fl-f1"/>
      </object_component>
      <object_component id="oc-220">
         <name>.debug_info</name>
         <load_address>0x11c1c</load_address>
         <run_address>0x11c1c</run_address>
         <size>0x22a</size>
         <input_file_ref idref="fl-f1"/>
      </object_component>
      <object_component id="oc-381">
         <name>.debug_info</name>
         <load_address>0x11e46</load_address>
         <run_address>0x11e46</run_address>
         <size>0x28f</size>
         <input_file_ref idref="fl-f2"/>
      </object_component>
      <object_component id="oc-30e">
         <name>.debug_info</name>
         <load_address>0x120d5</load_address>
         <run_address>0x120d5</run_address>
         <size>0x18a</size>
         <input_file_ref idref="fl-f2"/>
      </object_component>
      <object_component id="oc-31f">
         <name>.debug_info</name>
         <load_address>0x1225f</load_address>
         <run_address>0x1225f</run_address>
         <size>0x284</size>
         <input_file_ref idref="fl-f3"/>
      </object_component>
      <object_component id="oc-254">
         <name>.debug_info</name>
         <load_address>0x124e3</load_address>
         <run_address>0x124e3</run_address>
         <size>0x14f</size>
         <input_file_ref idref="fl-f3"/>
      </object_component>
      <object_component id="oc-386">
         <name>.debug_info</name>
         <load_address>0x12632</load_address>
         <run_address>0x12632</run_address>
         <size>0x46</size>
         <input_file_ref idref="fl-f3"/>
      </object_component>
      <object_component id="oc-31a">
         <name>.debug_info</name>
         <load_address>0x12678</load_address>
         <run_address>0x12678</run_address>
         <size>0x39</size>
         <input_file_ref idref="fl-f3"/>
      </object_component>
      <object_component id="oc-2e4">
         <name>.debug_info</name>
         <load_address>0x126b1</load_address>
         <run_address>0x126b1</run_address>
         <size>0x12c</size>
         <input_file_ref idref="fl-f4"/>
      </object_component>
      <object_component id="oc-376">
         <name>.debug_info</name>
         <load_address>0x127dd</load_address>
         <run_address>0x127dd</run_address>
         <size>0x10d</size>
         <input_file_ref idref="fl-f5"/>
      </object_component>
      <object_component id="oc-1f1">
         <name>.debug_info</name>
         <load_address>0x128ea</load_address>
         <run_address>0x128ea</run_address>
         <size>0x20e</size>
         <input_file_ref idref="fl-f6"/>
      </object_component>
      <object_component id="oc-1e9">
         <name>.debug_info</name>
         <load_address>0x12af8</load_address>
         <run_address>0x12af8</run_address>
         <size>0x157</size>
         <input_file_ref idref="fl-f6"/>
      </object_component>
      <object_component id="oc-14c">
         <name>.debug_info</name>
         <load_address>0x12c4f</load_address>
         <run_address>0x12c4f</run_address>
         <size>0x2c1</size>
         <input_file_ref idref="fl-f6"/>
      </object_component>
      <object_component id="oc-2cb">
         <name>.debug_info</name>
         <load_address>0x12f10</load_address>
         <run_address>0x12f10</run_address>
         <size>0x8b</size>
         <input_file_ref idref="fl-f6"/>
      </object_component>
      <object_component id="oc-1ec">
         <name>.debug_info</name>
         <load_address>0x12f9b</load_address>
         <run_address>0x12f9b</run_address>
         <size>0x18b</size>
         <input_file_ref idref="fl-f6"/>
      </object_component>
      <object_component id="oc-3e3">
         <name>.debug_info</name>
         <load_address>0x13126</load_address>
         <run_address>0x13126</run_address>
         <size>0x92</size>
      </object_component>
      <object_component id="oc-73">
         <name>.debug_line</name>
         <load_address>0x0</load_address>
         <run_address>0x0</run_address>
         <size>0x41</size>
         <input_file_ref idref="fl-2"/>
      </object_component>
      <object_component id="oc-2e">
         <name>.debug_line</name>
         <load_address>0x41</load_address>
         <run_address>0x41</run_address>
         <size>0x41</size>
         <input_file_ref idref="fl-2"/>
      </object_component>
      <object_component id="oc-2c">
         <name>.debug_line</name>
         <load_address>0x82</load_address>
         <run_address>0x82</run_address>
         <size>0xa1</size>
         <input_file_ref idref="fl-2"/>
      </object_component>
      <object_component id="oc-77">
         <name>.debug_line</name>
         <load_address>0x123</load_address>
         <run_address>0x123</run_address>
         <size>0x69</size>
         <input_file_ref idref="fl-2"/>
      </object_component>
      <object_component id="oc-39">
         <name>.debug_line</name>
         <load_address>0x18c</load_address>
         <run_address>0x18c</run_address>
         <size>0x20</size>
         <input_file_ref idref="fl-2"/>
      </object_component>
      <object_component id="oc-c0">
         <name>.debug_line</name>
         <load_address>0x1ac</load_address>
         <run_address>0x1ac</run_address>
         <size>0x6d</size>
         <input_file_ref idref="fl-2"/>
      </object_component>
      <object_component id="oc-7c">
         <name>.debug_line</name>
         <load_address>0x219</load_address>
         <run_address>0x219</run_address>
         <size>0x6a</size>
         <input_file_ref idref="fl-2"/>
      </object_component>
      <object_component id="oc-36c">
         <name>.debug_line</name>
         <load_address>0x283</load_address>
         <run_address>0x283</run_address>
         <size>0x97</size>
         <input_file_ref idref="fl-3"/>
      </object_component>
      <object_component id="oc-21a">
         <name>.debug_line</name>
         <load_address>0x31a</load_address>
         <run_address>0x31a</run_address>
         <size>0x64</size>
         <input_file_ref idref="fl-3"/>
      </object_component>
      <object_component id="oc-18c">
         <name>.debug_line</name>
         <load_address>0x37e</load_address>
         <run_address>0x37e</run_address>
         <size>0x65</size>
         <input_file_ref idref="fl-3"/>
      </object_component>
      <object_component id="oc-1c7">
         <name>.debug_line</name>
         <load_address>0x3e3</load_address>
         <run_address>0x3e3</run_address>
         <size>0x12b</size>
         <input_file_ref idref="fl-4"/>
      </object_component>
      <object_component id="oc-a3">
         <name>.debug_line</name>
         <load_address>0x50e</load_address>
         <run_address>0x50e</run_address>
         <size>0x6a</size>
         <input_file_ref idref="fl-4"/>
      </object_component>
      <object_component id="oc-e3">
         <name>.debug_line</name>
         <load_address>0x578</load_address>
         <run_address>0x578</run_address>
         <size>0x7a</size>
         <input_file_ref idref="fl-5"/>
      </object_component>
      <object_component id="oc-1ac">
         <name>.debug_line</name>
         <load_address>0x5f2</load_address>
         <run_address>0x5f2</run_address>
         <size>0x39</size>
         <input_file_ref idref="fl-5"/>
      </object_component>
      <object_component id="oc-21d">
         <name>.debug_line</name>
         <load_address>0x62b</load_address>
[...]
         <value>0x5468</value>
      </symbol>
      <symbol id="sm-3">
         <name>__TI_CINIT_Limit</name>
         <value>0x5480</value>
      </symbol>
      <symbol id="sm-4">
         <name>__TI_Handler_Table_Base</name>
         <value>0x5440</value>
      </symbol>
      <symbol id="sm-5">
         <name>__TI_Handler_Table_Limit</name>
         <value>0x544c</value>
      </symbol>
      <symbol id="sm-6">
         <name>binit</name>
         <value>0xffffffff</value>
      </symbol>
      <symbol id="sm-7">
         <name>__binit__</name>
         <value>0xffffffff</value>
      </symbol>
      <symbol id="sm-8">
         <name>__STACK_SIZE</name>
         <value>0x1000</value>
      </symbol>
      <symbol id="sm-9">
         <name>__STACK_END</name>
         <value>0x20001270</value>
      </symbol>
      <symbol id="sm-a">
         <name>__SYSMEM_SIZE</name>
         <value>0x1000</value>
      </symbol>
      <symbol id="sm-b">
         <name>__c_args__</name>
         <value>0xffffffff</value>
      </symbol>
      <symbol id="sm-c">
         <name>__TI_pprof_out_hndl</name>
         <value>0xffffffff</value>
      </symbol>
      <symbol id="sm-d">
         <name>__TI_prof_data_start</name>
         <value>0xffffffff</value>
      </symbol>
      <symbol id="sm-e">
         <name>__TI_prof_data_size</name>
         <value>0xffffffff</value>
      </symbol>
      <symbol id="sm-53">
         <name>ResetISR</name>
         <value>0x5183</value>
         <object_component_ref idref="oc-27"/>
      </symbol>
      <symbol id="sm-54">
         <name>g_pfnVectors</name>
         <value>0x0</value>
         <object_component_ref idref="oc-f"/>
      </symbol>
      <symbol id="sm-77">
         <name>main</name>
         <value>0x3ac1</value>
         <object_component_ref idref="oc-9f"/>
      </symbol>
      <symbol id="sm-98">
         <name>adc_init</name>
         <value>0x47b1</value>
         <object_component_ref idref="oc-de"/>
      </symbol>
      <symbol id="sm-99">
         <name>adc_read</name>
         <value>0x4833</value>
         <object_component_ref idref="oc-de"/>
      </symbol>
      <symbol id="sm-c5">
         <name>button_event_ptr</name>
         <value>0x200022cc</value>
      </symbol>
      <symbol id="sm-c6">
         <name>button_num_ptr</name>
         <value>0x200022d0</value>
      </symbol>
      <symbol id="sm-c7">
         <name>button_getButton</name>
         <value>0x41f1</value>
         <object_component_ref idref="oc-f0"/>
      </symbol>
      <symbol id="sm-c8">
         <name>button_init</name>
         <value>0x4145</value>
         <object_component_ref idref="oc-f0"/>
      </symbol>
      <symbol id="sm-c9">
         <name>button_checkButtons</name>
         <value>0x41e7</value>
         <object_component_ref idref="oc-f0"/>
      </symbol>
      <symbol id="sm-ca">
         <name>init_button_interrupts</name>
         <value>0x4177</value>
         <object_component_ref idref="oc-f0"/>
      </symbol>
      <symbol id="sm-cb">
         <name>gpioe_handler</name>
         <value>0x41cb</value>
         <object_component_ref idref="oc-f0"/>
      </symbol>
      <symbol id="sm-11a">
         <name>detect_objects</name>
         <value>0x168d</value>
         <object_component_ref idref="oc-102"/>
      </symbol>
      <symbol id="sm-157">
         <name>lcd_rotatingBanner</name>
         <value>0x2e1f</value>
         <object_component_ref idref="oc-ea"/>
      </symbol>
      <symbol id="sm-158">
         <name>lcd_sendCommand</name>
         <value>0x2c73</value>
         <object_component_ref idref="oc-ea"/>
      </symbol>
      <symbol id="sm-159">
         <name>lcd_sendNibble</name>
         <value>0x2cb1</value>
         <object_component_ref idref="oc-ea"/>
      </symbol>
      <symbol id="sm-15a">
         <name>lcd_clear</name>
         <value>0x5165</value>
         <object_component_ref idref="oc-16b"/>
      </symbol>
      <symbol id="sm-15b">
         <name>lcd_printf</name>
         <value>0x2d5b</value>
         <object_component_ref idref="oc-ea"/>
      </symbol>
      <symbol id="sm-15c">
         <name>lcd_setCursorPos</name>
         <value>0x2d1d</value>
         <object_component_ref idref="oc-ea"/>
      </symbol>
      <symbol id="sm-15d">
         <name>lcd_init</name>
         <value>0x2b5d</value>
         <object_component_ref idref="oc-ea"/>
      </symbol>
      <symbol id="sm-15e">
         <name>lcd_puts</name>
         <value>0x2c55</value>
         <object_component_ref idref="oc-ea"/>
      </symbol>
      <symbol id="sm-15f">
         <name>lcd_putc</name>
         <value>0x2c1d</value>
         <object_component_ref idref="oc-ea"/>
      </symbol>
      <symbol id="sm-160">
         <name>lcd_gotoLine</name>
         <value>0x2cf5</value>
         <object_component_ref idref="oc-ea"/>
      </symbol>
      <symbol id="sm-18c">
         <name>state</name>
         <value>0x200022d8</value>
      </symbol>
      <symbol id="sm-18d">
         <name>done_flag</name>
         <value>0x200022d4</value>
      </symbol>
      <symbol id="sm-18e">
         <name>timer_start</name>
         <value>0x200022e0</value>
      </symbol>
      <symbol id="sm-18f">
         <name>timer_end</name>
         <value>0x200022dc</value>
      </symbol>
      <symbol id="sm-190">
         <name>ping_read</name>
         <value>0x33ad</value>
         <object_component_ref idref="oc-d2"/>
      </symbol>
      <symbol id="sm-191">
         <name>TIMER3B_Handler</name>
         <value>0x3291</value>
         <object_component_ref idref="oc-d2"/>
      </symbol>
      <symbol id="sm-192">
         <name>ping_init</name>
         <value>0x32d5</value>
         <object_component_ref idref="oc-d2"/>
      </symbol>
      <symbol id="sm-1ae">
         <name>servo_move</name>
         <value>0x441b</value>
         <object_component_ref idref="oc-d8"/>
      </symbol>
      <symbol id="sm-1af">
         <name>servo_init</name>
         <value>0x4395</value>
         <object_component_ref idref="oc-d8"/>
      </symbol>
      <symbol id="sm-1de">
         <name>RX_event_ptr</name>
         <value>0x200022c8</value>
      </symbol>
      <symbol id="sm-1df">
         <name>RX_char_ptr</name>
         <value>0x200022c4</value>
      </symbol>
      <symbol id="sm-1e0">
         <name>UART_init_Interrupts</name>
         <value>0x34e1</value>
         <object_component_ref idref="oc-e4"/>
      </symbol>
      <symbol id="sm-1e1">
         <name>UART_Receive</name>
         <value>0x357f</value>
         <object_component_ref idref="oc-e4"/>
      </symbol>
      <symbol id="sm-1e2">
         <name>UART_init</name>
         <value>0x3461</value>
         <object_component_ref idref="oc-e4"/>
      </symbol>
      <symbol id="sm-1e3">
         <name>UART_handler</name>
         <value>0x3543</value>
         <object_component_ref idref="oc-e4"/>
      </symbol>
      <symbol id="sm-1e4">
         <name>UART_Transmit</name>
         <value>0x3563</value>
         <object_component_ref idref="oc-e4"/>
      </symbol>
      <symbol id="sm-1e5">
         <name>uart_sendStr</name>
         <value>0x35b5</value>
         <object_component_ref idref="oc-e4"/>
      </symbol>
      <symbol id="sm-206">
         <name>timer_startClock</name>
         <value>0x3e3d</value>
         <object_component_ref idref="oc-fc"/>
      </symbol>
      <symbol id="sm-207">
         <name>timer_stopClock</name>
         <value>0x3e8f</value>
         <object_component_ref idref="oc-fc"/>
      </symbol>
      <symbol id="sm-208">
         <name>timer_getClock</name>
         <value>0x3e89</value>
         <object_component_ref idref="oc-fc"/>
      </symbol>
      <symbol id="sm-209">
         <name>timer_stopTimer</name>
         <value>0x3e27</value>
         <object_component_ref idref="oc-fc"/>
      </symbol>
      <symbol id="sm-20a">
         <name>timer_startTimer</name>
         <value>0x3dd7</value>
         <object_component_ref idref="oc-fc"/>
      </symbol>
      <symbol id="sm-20b">
         <name>timer_waitMillis</name>
         <value>0x3d79</value>
         <object_component_ref idref="oc-fc"/>
      </symbol>
      <symbol id="sm-20c">
         <name>timer_waitMicros</name>
         <value>0x3dad</value>
         <object_component_ref idref="oc-fc"/>
      </symbol>
      <symbol id="sm-2a1">
         <name>pow</name>
         <value>0xccd</value>
         <object_component_ref idref="oc-1b3"/>
      </symbol>
      <symbol id="sm-2a2">
         <name>powl</name>
         <value>0xccd</value>
         <object_component_ref idref="oc-1b3"/>
      </symbol>
      <symbol id="sm-2c4">
         <name>sqrtl</name>
         <value>0x3c21</value>
         <object_component_ref idref="oc-270"/>
      </symbol>
      <symbol id="sm-2c5">
         <name>sqrt</name>
         <value>0x3c21</value>
         <object_component_ref idref="oc-270"/>
      </symbol>
      <symbol id="sm-316">
         <name>cosl</name>
         <value>0x2581</value>
         <object_component_ref idref="oc-1be"/>
      </symbol>
      <symbol id="sm-317">
         <name>cos</name>
         <value>0x2581</value>
         <object_component_ref idref="oc-1be"/>
      </symbol>
      <symbol id="sm-33e">
         <name>scalbn</name>
         <value>0x44ad</value>
         <object_component_ref idref="oc-27e"/>
      </symbol>
      <symbol id="sm-33f">
         <name>scalbnl</name>
         <value>0x44ad</value>
         <object_component_ref idref="oc-27e"/>
      </symbol>
      <symbol id="sm-340">
         <name>ldexpl</name>
         <value>0x44ad</value>
         <object_component_ref idref="oc-27e"/>
      </symbol>
      <symbol id="sm-341">
         <name>ldexp</name>
         <value>0x44ad</value>
         <object_component_ref idref="oc-27e"/>
      </symbol>
      <symbol id="sm-34b">
         <name>copysign</name>
         <value>0x5105</value>
         <object_component_ref idref="oc-336"/>
      </symbol>
      <symbol id="sm-34c">
         <name>copysignl</name>
         <value>0x5105</value>
         <object_component_ref idref="oc-336"/>
      </symbol>
      <symbol id="sm-363">
         <name>__aeabi_dsub</name>
         <value>0x3629</value>
         <object_component_ref idref="oc-15a"/>
      </symbol>
      <symbol id="sm-364">
         <name>__aeabi_dadd</name>
         <value>0x3633</value>
         <object_component_ref idref="oc-15a"/>
      </symbol>
      <symbol id="sm-386">
         <name>__aeabi_cdcmpeq</name>
         <value>0x4a6d</value>
         <object_component_ref idref="oc-230"/>
      </symbol>
      <symbol id="sm-387">
         <name>__aeabi_cdcmple</name>
         <value>0x4a6d</value>
         <object_component_ref idref="oc-230"/>
      </symbol>
      <symbol id="sm-388">
         <name>__aeabi_cdrcmple</name>
         <value>0x4af3</value>
         <object_component_ref idref="oc-279"/>
      </symbol>
      <symbol id="sm-39c">
         <name>__aeabi_ddiv</name>
         <value>0x400d</value>
         <object_component_ref idref="oc-1b9"/>
      </symbol>
      <symbol id="sm-3a7">
         <name>__aeabi_dmul</name>
         <value>0x45bd</value>
         <object_component_ref idref="oc-155"/>
      </symbol>
      <symbol id="sm-3b1">
         <name>__aeabi_d2iz</name>
         <value>0x4e75</value>
         <object_component_ref idref="oc-15f"/>
      </symbol>
      <symbol id="sm-3bb">
         <name>__aeabi_i2d</name>
         <value>0x505d</value>
         <object_component_ref idref="oc-1ae"/>
      </symbol>
      <symbol id="sm-3d6">
         <name>memcpy</name>
         <value>0x493b</value>
         <object_component_ref idref="oc-3b"/>
      </symbol>
      <symbol id="sm-3d7">
         <name>__aeabi_memcpy</name>
         <value>0x493b</value>
         <object_component_ref idref="oc-3b"/>
      </symbol>
      <symbol id="sm-3d8">
         <name>__aeabi_memcpy8</name>
         <value>0x493b</value>
         <object_component_ref idref="oc-3b"/>
      </symbol>
      <symbol id="sm-3d9">
         <name>__aeabi_memcpy4</name>
         <value>0x493b</value>
         <object_component_ref idref="oc-3b"/>
      </symbol>
      <symbol id="sm-3f2">
         <name>__TI_zero_init_nomemset</name>
         <value>0x5141</value>
         <object_component_ref idref="oc-47"/>
      </symbol>
      <symbol id="sm-409">
         <name>__TI_decompress_none</name>
         <value>0x5175</value>
         <object_component_ref idref="oc-18"/>
      </symbol>
      <symbol id="sm-42c">
         <name>__TI_decompress_lzss</name>
         <value>0x4c61</value>
         <object_component_ref idref="oc-12"/>
      </symbol>
      <symbol id="sm-43f">
         <name>__stack</name>
         <value>0x20000270</value>
         <object_component_ref idref="oc-21"/>
      </symbol>
      <symbol id="sm-440">
         <name>_c_int00_noargs</name>
         <value>0x4fc1</value>
         <object_component_ref idref="oc-59"/>
      </symbol>
      <symbol id="sm-456">
         <name>__aeabi_errno_addr</name>
         <value>0x5199</value>
         <object_component_ref idref="oc-259"/>
      </symbol>
      <symbol id="sm-457">
         <name>errno</name>
         <value>0x200022e4</value>
         <object_component_ref idref="oc-320"/>
      </symbol>
      <symbol id="sm-462">
         <name>C$$EXIT</name>
         <value>0x51a5</value>
         <object_component_ref idref="oc-10a"/>
      </symbol>
      <symbol id="sm-463">
         <name>abort</name>
         <value>0x51a5</value>
         <object_component_ref idref="oc-10a"/>
      </symbol>
      <symbol id="sm-478">
         <name>_sys_memory</name>
         <value>0x20001270</value>
         <object_component_ref idref="oc-24"/>
      </symbol>
      <symbol id="sm-4a1">
         <name>sprintf</name>
         <value>0x4f01</value>
         <object_component_ref idref="oc-f6"/>
      </symbol>
      <symbol id="sm-4b0">
         <name>strcmp</name>
         <value>0x50d7</value>
         <object_component_ref idref="oc-178"/>
      </symbol>
      <symbol id="sm-4be">
         <name>strcpy</name>
         <value>0x5119</value>
         <object_component_ref idref="oc-17e"/>
      </symbol>
      <symbol id="sm-4e8">
         <name>vsnprintf</name>
         <value>0x4f41</value>
         <object_component_ref idref="oc-172"/>
      </symbol>
      <symbol id="sm-54f">
         <name>__kernel_rem_pio2</name>
         <value>0x1e49</value>
         <object_component_ref idref="oc-293"/>
      </symbol>
      <symbol id="sm-565">
         <name>__kernel_cos</name>
         <value>0x3955</value>
         <object_component_ref idref="oc-28d"/>
      </symbol>
      <symbol id="sm-57c">
         <name>__kernel_sin</name>
         <value>0x37e1</value>
         <object_component_ref idref="oc-299"/>
      </symbol>
      <symbol id="sm-599">
         <name>floorl</name>
         <value>0x46b9</value>
         <object_component_ref idref="oc-34c"/>
      </symbol>
      <symbol id="sm-59a">
         <name>floor</name>
         <value>0x46b9</value>
         <object_component_ref idref="oc-34c"/>
      </symbol>
      <symbol id="sm-5a9">
         <name>__aeabi_memset</name>
         <value>0x4b7b</value>
         <object_component_ref idref="oc-93"/>
      </symbol>
      <symbol id="sm-5aa">
         <name>memset</name>
         <value>0x4b81</value>
         <object_component_ref idref="oc-93"/>
      </symbol>
      <symbol id="sm-5ab">
         <name>__aeabi_memset8</name>
         <value>0x4b7b</value>
         <object_component_ref idref="oc-93"/>
      </symbol>
      <symbol id="sm-5ac">
         <name>__aeabi_memset4</name>
         <value>0x4b7b</value>
         <object_component_ref idref="oc-93"/>
      </symbol>
      <symbol id="sm-5ad">
         <name>__aeabi_memclr8</name>
         <value>0x4b79</value>
         <object_component_ref idref="oc-93"/>
      </symbol>
      <symbol id="sm-5ae">
         <name>__aeabi_memclr4</name>
         <value>0x4b79</value>
         <object_component_ref idref="oc-93"/>
      </symbol>
      <symbol id="sm-5af">
         <name>__aeabi_memclr</name>
         <value>0x4b79</value>
         <object_component_ref idref="oc-93"/>
      </symbol>
      <symbol id="sm-5d7">
         <name>__TI_auto_init_nobinit_nopinit</name>
         <value>0x4ebd</value>
         <object_component_ref idref="oc-116"/>
      </symbol>
      <symbol id="sm-5e1">
         <name>_system_pre_init</name>
         <value>0x51a1</value>
         <object_component_ref idref="oc-99"/>
      </symbol>
      <symbol id="sm-747">
         <name>__TI_printfi</name>
         <value>0x26d</value>
         <object_component_ref idref="oc-194"/>
      </symbol>
      <symbol id="sm-75d">
         <name>atoi</name>
         <value>0x4e29</value>
         <object_component_ref idref="oc-224"/>
      </symbol>
      <symbol id="sm-768">
         <name>_ctypes_</name>
         <value>0x5300</value>
         <object_component_ref idref="oc-2dd"/>
      </symbol>
      <symbol id="sm-777">
         <name>ltoa</name>
         <value>0x4d83</value>
         <object_component_ref idref="oc-2e9"/>
      </symbol>
      <symbol id="sm-787">
         <name>memccpy</name>
         <value>0x508b</value>
         <object_component_ref idref="oc-24d"/>
      </symbol>
      <symbol id="sm-797">
         <name>strchr</name>
         <value>0x50ef</value>
         <object_component_ref idref="oc-310"/>
      </symbol>
      <symbol id="sm-7a5">
         <name>strlen</name>
         <value>0x512d</value>
         <object_component_ref idref="oc-21e"/>
      </symbol>
      <symbol id="sm-7bb">
         <name>frexpl</name>
         <value>0x4cc9</value>
         <object_component_ref idref="oc-30a"/>
      </symbol>
      <symbol id="sm-7bc">
         <name>frexp</name>
         <value>0x4cc9</value>
         <object_component_ref idref="oc-30a"/>
      </symbol>
      <symbol id="sm-7d5">
         <name>wcslen</name>
         <value>0x5153</value>
         <object_component_ref idref="oc-253"/>
      </symbol>
      <symbol id="sm-7e2">
         <name>__aeabi_uldivmod</name>
         <value>0x49d7</value>
         <object_component_ref idref="oc-2e2"/>
      </symbol>
      <symbol id="sm-7ec">
         <name>__aeabi_idiv0</name>
         <value>0xccb</value>
         <object_component_ref idref="oc-374"/>
      </symbol>
      <symbol id="sm-7ed">
         <name>__aeabi_ldiv0</name>
         <value>0xccb</value>
         <object_component_ref idref="oc-374"/>
      </symbol>
      <symbol id="sm-80e">
         <name>IntRegister</name>
         <value>0x4ff9</value>
         <object_component_ref idref="oc-148"/>
      </symbol>
      <symbol id="sm-80f">
         <name>g_pfnRAMVectors</name>
         <value>0x20000000</value>
         <object_component_ref idref="oc-1e8"/>
      </symbol>
      <symbol id="sm-811">
         <name>__TI_static_base__</name>
         <value>0x0</value>
      </symbol>
      <symbol id="sm-814">
         <name>__mpu_init</name>
         <value>0x0</value>
      </symbol>
      <symbol id="sm-815">
         <name>_system_post_cinit</name>
         <value>0x0</value>
      </symbol>
   </symbol_table>
   <title>Link successful</title>
</link_info>
