<?xml version="1.0" encoding="ISO-8859-1" ?>
<link_info>
   <banner>TI ARM Linker PC v18.1.2.LTS</banner>
   <copyright>Copyright (c) 1996-2017 Texas Instruments Incorporated</copyright>
   <link_time>0x5c9c1829</link_time>
   <link_errors>0x0</link_errors>
   <output_file>Lab7.out</output_file>
   <entry_point>
      <name>_c_int00_noargs</name>
      <address>0x31b1</address>
   </entry_point>
   <input_file_list>
      <input_file id="fl-2">
         <path>.\</path>
         <kind>object</kind>
         <file>tm4c123gh6pm_startup_ccs.obj</file>
         <name>tm4c123gh6pm_startup_ccs.obj</name>
      </input_file>
      <input_file id="fl-3">
         <path>.\Code Files\</path>
         <kind>object</kind>
         <file>adc.obj</file>
         <name>adc.obj</name>
      </input_file>
      <input_file id="fl-4">
         <path>.\Code Files\</path>
         <kind>object</kind>
         <file>button.obj</file>
         <name>button.obj</name>
      </input_file>
      <input_file id="fl-5">
         <path>.\Code Files\</path>
         <kind>object</kind>
         <file>lcd.obj</file>
         <name>lcd.obj</name>
      </input_file>
      <input_file id="fl-6">
         <path>.\Code Files\</path>
         <kind>object</kind>
         <file>main.obj</file>
         <name>main.obj</name>
      </input_file>
      <input_file id="fl-7">
         <path>.\Code Files\</path>
         <kind>object</kind>
         <file>movement.obj</file>
         <name>movement.obj</name>
      </input_file>
      <input_file id="fl-8">
         <path>.\Code Files\</path>
         <kind>object</kind>
         <file>open_interface.obj</file>
         <name>open_interface.obj</name>
      </input_file>
      <input_file id="fl-9">
         <path>.\Code Files\</path>
         <kind>object</kind>
         <file>ping.obj</file>
         <name>ping.obj</name>
      </input_file>
      <input_file id="fl-a">
         <path>.\Code Files\</path>
         <kind>object</kind>
         <file>test.obj</file>
         <name>test.obj</name>
      </input_file>
      <input_file id="fl-b">
         <path>.\Code Files\</path>
         <kind>object</kind>
         <file>timer.obj</file>
         <name>timer.obj</name>
      </input_file>
      <input_file id="fl-11">
         <kind>object</kind>
         <file>&lt;internal&gt;</file>
         <name>&lt;internal&gt;</name>
      </input_file>
      <input_file id="fl-c7">
         <path>C:\ti\ccsv8\tools\compiler\ti-cgt-arm_18.1.2.LTS\lib\</path>
         <kind>archive</kind>
         <file>rtsv7M4_T_le_v4SPD16_eabi.lib</file>
         <name>e_pow.c.obj</name>
      </input_file>
      <input_file id="fl-c8">
         <path>C:\ti\ccsv8\tools\compiler\ti-cgt-arm_18.1.2.LTS\lib\</path>
         <kind>archive</kind>
         <file>rtsv7M4_T_le_v4SPD16_eabi.lib</file>
         <name>e_sqrt.c.obj</name>
      </input_file>
      <input_file id="fl-c9">
         <path>C:\ti\ccsv8\tools\compiler\ti-cgt-arm_18.1.2.LTS\lib\</path>
         <kind>archive</kind>
         <file>rtsv7M4_T_le_v4SPD16_eabi.lib</file>
         <name>s_scalbn.c.obj</name>
      </input_file>
      <input_file id="fl-ca">
         <path>C:\ti\ccsv8\tools\compiler\ti-cgt-arm_18.1.2.LTS\lib\</path>
         <kind>archive</kind>
         <file>rtsv7M4_T_le_v4SPD16_eabi.lib</file>
         <name>s_copysign.c.obj</name>
      </input_file>
      <input_file id="fl-cb">
         <path>C:\ti\ccsv8\tools\compiler\ti-cgt-arm_18.1.2.LTS\lib\</path>
         <kind>archive</kind>
         <file>rtsv7M4_T_le_v4SPD16_eabi.lib</file>
         <name>fd_add_t2.asm.obj</name>
      </input_file>
      <input_file id="fl-cc">
         <path>C:\ti\ccsv8\tools\compiler\ti-cgt-arm_18.1.2.LTS\lib\</path>
         <kind>archive</kind>
         <file>rtsv7M4_T_le_v4SPD16_eabi.lib</file>
         <name>fd_cmp_t2.asm.obj</name>
      </input_file>
      <input_file id="fl-cd">
         <path>C:\ti\ccsv8\tools\compiler\ti-cgt-arm_18.1.2.LTS\lib\</path>
         <kind>archive</kind>
         <file>rtsv7M4_T_le_v4SPD16_eabi.lib</file>
         <name>fd_div_t2.asm.obj</name>
      </input_file>
      <input_file id="fl-ce">
         <path>C:\ti\ccsv8\tools\compiler\ti-cgt-arm_18.1.2.LTS\lib\</path>
         <kind>archive</kind>
         <file>rtsv7M4_T_le_v4SPD16_eabi.lib</file>
         <name>fd_mul_t2.asm.obj</name>
      </input_file>
      <input_file id="fl-cf">
         <path>C:\ti\ccsv8\tools\compiler\ti-cgt-arm_18.1.2.LTS\lib\</path>
         <kind>archive</kind>
         <file>rtsv7M4_T_le_v4SPD16_eabi.lib</file>
         <name>fd_toi_t2.asm.obj</name>
      </input_file>
      <input_file id="fl-d0">
         <path>C:\ti\ccsv8\tools\compiler\ti-cgt-arm_18.1.2.LTS\lib\</path>
         <kind>archive</kind>
         <file>rtsv7M4_T_le_v4SPD16_eabi.lib</file>
         <name>i_tofd_t2.asm.obj</name>
      </input_file>
      <input_file id="fl-d1">
         <path>C:\ti\ccsv8\tools\compiler\ti-cgt-arm_18.1.2.LTS\lib\</path>
         <kind>archive</kind>
         <file>rtsv7M4_T_le_v4SPD16_eabi.lib</file>
         <name>memcpy_t2.asm.obj</name>
      </input_file>
      <input_file id="fl-d2">
         <path>C:\ti\ccsv8\tools\compiler\ti-cgt-arm_18.1.2.LTS\lib\</path>
         <kind>archive</kind>
         <file>rtsv7M4_T_le_v4SPD16_eabi.lib</file>
         <name>copy_zero_init.c.obj</name>
      </input_file>
      <input_file id="fl-d3">
         <path>C:\ti\ccsv8\tools\compiler\ti-cgt-arm_18.1.2.LTS\lib\</path>
         <kind>archive</kind>
         <file>rtsv7M4_T_le_v4SPD16_eabi.lib</file>
         <name>copy_decompress_none.c.obj</name>
      </input_file>
      <input_file id="fl-d4">
         <path>C:\ti\ccsv8\tools\compiler\ti-cgt-arm_18.1.2.LTS\lib\</path>
         <kind>archive</kind>
         <file>rtsv7M4_T_le_v4SPD16_eabi.lib</file>
         <name>copy_decompress_lzss.c.obj</name>
      </input_file>
      <input_file id="fl-d5">
         <path>C:\ti\ccsv8\tools\compiler\ti-cgt-arm_18.1.2.LTS\lib\</path>
         <kind>archive</kind>
         <file>rtsv7M4_T_le_v4SPD16_eabi.lib</file>
         <name>boot_cortex_m.c.obj</name>
      </input_file>
      <input_file id="fl-d6">
         <path>C:\ti\ccsv8\tools\compiler\ti-cgt-arm_18.1.2.LTS\lib\</path>
         <kind>archive</kind>
         <file>rtsv7M4_T_le_v4SPD16_eabi.lib</file>
         <name>errno.c.obj</name>
      </input_file>
      <input_file id="fl-d7">
         <path>C:\ti\ccsv8\tools\compiler\ti-cgt-arm_18.1.2.LTS\lib\</path>
         <kind>archive</kind>
         <file>rtsv7M4_T_le_v4SPD16_eabi.lib</file>
         <name>exit.c.obj</name>
      </input_file>
      <input_file id="fl-d8">
         <path>C:\ti\ccsv8\tools\compiler\ti-cgt-arm_18.1.2.LTS\lib\</path>
         <kind>archive</kind>
         <file>rtsv7M4_T_le_v4SPD16_eabi.lib</file>
         <name>memory.c.obj</name>
      </input_file>
      <input_file id="fl-d9">
         <path>C:\ti\ccsv8\tools\compiler\ti-cgt-arm_18.1.2.LTS\lib\</path>
         <kind>archive</kind>
         <file>rtsv7M4_T_le_v4SPD16_eabi.lib</file>
         <name>_lock.c.obj</name>
      </input_file>
      <input_file id="fl-da">
         <path>C:\ti\ccsv8\tools\compiler\ti-cgt-arm_18.1.2.LTS\lib\</path>
         <kind>archive</kind>
         <file>rtsv7M4_T_le_v4SPD16_eabi.lib</file>
         <name>args_main.c.obj</name>
      </input_file>
      <input_file id="fl-db">
         <path>C:\ti\ccsv8\tools\compiler\ti-cgt-arm_18.1.2.LTS\lib\</path>
         <kind>archive</kind>
         <file>rtsv7M4_T_le_v4SPD16_eabi.lib</file>
         <name>strcmp.c.obj</name>
      </input_file>
      <input_file id="fl-dc">
         <path>C:\ti\ccsv8\tools\compiler\ti-cgt-arm_18.1.2.LTS\lib\</path>
         <kind>archive</kind>
         <file>rtsv7M4_T_le_v4SPD16_eabi.lib</file>
         <name>strcpy.c.obj</name>
      </input_file>
      <input_file id="fl-dd">
         <path>C:\ti\ccsv8\tools\compiler\ti-cgt-arm_18.1.2.LTS\lib\</path>
         <kind>archive</kind>
         <file>rtsv7M4_T_le_v4SPD16_eabi.lib</file>
         <name>vsnprintf.c.obj</name>
      </input_file>
      <input_file id="fl-de">
         <path>C:\ti\ccsv8\tools\compiler\ti-cgt-arm_18.1.2.LTS\lib\</path>
         <kind>archive</kind>
         <file>rtsv7M4_T_le_v4SPD16_eabi.lib</file>
         <name>memset_t2.asm.obj</name>
      </input_file>
      <input_file id="fl-df">
         <path>C:\ti\ccsv8\tools\compiler\ti-cgt-arm_18.1.2.LTS\lib\</path>
         <kind>archive</kind>
         <file>rtsv7M4_T_le_v4SPD16_eabi.lib</file>
         <name>autoinit.c.obj</name>
      </input_file>
      <input_file id="fl-e0">
         <path>C:\ti\ccsv8\tools\compiler\ti-cgt-arm_18.1.2.LTS\lib\</path>
         <kind>archive</kind>
         <file>rtsv7M4_T_le_v4SPD16_eabi.lib</file>
         <name>pre_init.c.obj</name>
      </input_file>
      <input_file id="fl-e1">
         <path>C:\ti\ccsv8\tools\compiler\ti-cgt-arm_18.1.2.LTS\lib\</path>
         <kind>archive</kind>
         <file>rtsv7M4_T_le_v4SPD16_eabi.lib</file>
         <name>cpy_tbl.c.obj</name>
      </input_file>
      <input_file id="fl-e2">
         <path>C:\ti\ccsv8\tools\compiler\ti-cgt-arm_18.1.2.LTS\lib\</path>
         <kind>archive</kind>
         <file>rtsv7M4_T_le_v4SPD16_eabi.lib</file>
         <name>_printfi.c.obj</name>
      </input_file>
      <input_file id="fl-e3">
         <path>C:\ti\ccsv8\tools\compiler\ti-cgt-arm_18.1.2.LTS\lib\</path>
         <kind>archive</kind>
         <file>rtsv7M4_T_le_v4SPD16_eabi.lib</file>
         <name>atoi.c.obj</name>
      </input_file>
      <input_file id="fl-e4">
         <path>C:\ti\ccsv8\tools\compiler\ti-cgt-arm_18.1.2.LTS\lib\</path>
         <kind>archive</kind>
         <file>rtsv7M4_T_le_v4SPD16_eabi.lib</file>
         <name>ctype.c.obj</name>
      </input_file>
      <input_file id="fl-e5">
         <path>C:\ti\ccsv8\tools\compiler\ti-cgt-arm_18.1.2.LTS\lib\</path>
         <kind>archive</kind>
         <file>rtsv7M4_T_le_v4SPD16_eabi.lib</file>
         <name>ltoa.c.obj</name>
      </input_file>
      <input_file id="fl-e6">
         <path>C:\ti\ccsv8\tools\compiler\ti-cgt-arm_18.1.2.LTS\lib\</path>
         <kind>archive</kind>
         <file>rtsv7M4_T_le_v4SPD16_eabi.lib</file>
         <name>memccpy.c.obj</name>
      </input_file>
      <input_file id="fl-e7">
         <path>C:\ti\ccsv8\tools\compiler\ti-cgt-arm_18.1.2.LTS\lib\</path>
         <kind>archive</kind>
         <file>rtsv7M4_T_le_v4SPD16_eabi.lib</file>
         <name>strchr.c.obj</name>
      </input_file>
      <input_file id="fl-e8">
         <path>C:\ti\ccsv8\tools\compiler\ti-cgt-arm_18.1.2.LTS\lib\</path>
         <kind>archive</kind>
         <file>rtsv7M4_T_le_v4SPD16_eabi.lib</file>
         <name>strlen.c.obj</name>
      </input_file>
      <input_file id="fl-e9">
         <path>C:\ti\ccsv8\tools\compiler\ti-cgt-arm_18.1.2.LTS\lib\</path>
         <kind>archive</kind>
         <file>rtsv7M4_T_le_v4SPD16_eabi.lib</file>
         <name>s_frexp.c.obj</name>
      </input_file>
      <input_file id="fl-ea">
         <path>C:\ti\ccsv8\tools\compiler\ti-cgt-arm_18.1.2.LTS\lib\</path>
         <kind>archive</kind>
         <file>rtsv7M4_T_le_v4SPD16_eabi.lib</file>
         <name>wcslen.c.obj</name>
      </input_file>
      <input_file id="fl-eb">
         <path>C:\ti\ccsv8\tools\compiler\ti-cgt-arm_18.1.2.LTS\lib\</path>
         <kind>archive</kind>
         <file>rtsv7M4_T_le_v4SPD16_eabi.lib</file>
         <name>ull_div_t2.asm.obj</name>
      </input_file>
      <input_file id="fl-ec">
         <path>C:\ti\ccsv8\tools\compiler\ti-cgt-arm_18.1.2.LTS\lib\</path>
         <kind>archive</kind>
         <file>rtsv7M4_T_le_v4SPD16_eabi.lib</file>
         <name>div0.asm.obj</name>
      </input_file>
      <input_file id="fl-ed">
         <path>C:\ti\TivaWare_C_Series-2.1.4.178\driverlib\ccs\Debug\</path>
         <kind>archive</kind>
         <file>driverlib.lib</file>
         <name>interrupt.obj</name>
      </input_file>
      <input_file id="fl-ee">
         <path>C:\ti\TivaWare_C_Series-2.1.4.178\driverlib\ccs\Debug\</path>
         <kind>archive</kind>
         <file>driverlib.lib</file>
         <name>cpu.obj</name>
      </input_file>
   </input_file_list>
   <object_component_list>
      <object_component id="oc-f">
         <name>.intvecs</name>
         <load_address>0x0</load_address>
         <run_address>0x0</run_address>
         <size>0x26c</size>
         <input_file_ref idref="fl-2"/>
      </object_component>
      <object_component id="oc-1ce">
         <name>.text:__TI_printfi</name>
         <load_address>0x26c</load_address>
         <run_address>0x26c</run_address>
         <size>0xa5e</size>
         <input_file_ref idref="fl-e2"/>
      </object_component>
      <object_component id="oc-303">
         <name>.text</name>
         <load_address>0xcca</load_address>
         <run_address>0xcca</run_address>
         <size>0x2</size>
         <input_file_ref idref="fl-ec"/>
      </object_component>
      <object_component id="oc-e9">
         <name>.text:pow</name>
         <load_address>0xccc</load_address>
         <run_address>0xccc</run_address>
         <size>0x9c0</size>
         <input_file_ref idref="fl-c7"/>
      </object_component>
      <object_component id="oc-de">
         <name>.text</name>
         <load_address>0x168c</load_address>
         <run_address>0x168c</run_address>
         <size>0x2f4</size>
         <input_file_ref idref="fl-5"/>
      </object_component>
      <object_component id="oc-266">
         <name>.text:_pconv_a</name>
         <load_address>0x1980</load_address>
         <run_address>0x1980</run_address>
         <size>0x270</size>
         <input_file_ref idref="fl-e2"/>
      </object_component>
      <object_component id="oc-254">
         <name>.text:_pconv_g</name>
         <load_address>0x1bf0</load_address>
         <run_address>0x1bf0</run_address>
         <size>0x1d0</size>
         <input_file_ref idref="fl-e2"/>
      </object_component>
      <object_component id="oc-d2">
         <name>.text</name>
         <load_address>0x1dc0</load_address>
         <run_address>0x1dc0</run_address>
         <size>0x1d0</size>
         <input_file_ref idref="fl-9"/>
      </object_component>
      <object_component id="oc-ef">
         <name>.text</name>
         <load_address>0x1f90</load_address>
         <run_address>0x1f90</run_address>
         <size>0x1b6</size>
         <input_file_ref idref="fl-cb"/>
      </object_component>
      <object_component id="oc-174">
         <name>.text:sqrt</name>
         <load_address>0x2148</load_address>
         <run_address>0x2148</run_address>
         <size>0x158</size>
         <input_file_ref idref="fl-c8"/>
      </object_component>
      <object_component id="oc-d8">
         <name>.text</name>
         <load_address>0x22a0</load_address>
         <run_address>0x22a0</run_address>
         <size>0x158</size>
         <input_file_ref idref="fl-b"/>
      </object_component>
      <object_component id="oc-260">
         <name>.text:_pconv_e</name>
         <load_address>0x23f8</load_address>
         <run_address>0x23f8</run_address>
         <size>0x13c</size>
         <input_file_ref idref="fl-e2"/>
      </object_component>
      <object_component id="oc-16f">
         <name>.text</name>
         <load_address>0x2534</load_address>
         <run_address>0x2534</run_address>
         <size>0x136</size>
         <input_file_ref idref="fl-cd"/>
      </object_component>
      <object_component id="oc-2ca">
         <name>.text:fcvt</name>
         <load_address>0x266c</load_address>
         <run_address>0x266c</run_address>
         <size>0x120</size>
         <input_file_ref idref="fl-e2"/>
      </object_component>
      <object_component id="oc-9f">
         <name>.text</name>
         <load_address>0x278c</load_address>
         <run_address>0x278c</run_address>
         <size>0x120</size>
         <input_file_ref idref="fl-6"/>
      </object_component>
      <object_component id="oc-192">
         <name>.text:scalbn</name>
         <load_address>0x28ac</load_address>
         <run_address>0x28ac</run_address>
         <size>0x110</size>
         <input_file_ref idref="fl-c9"/>
      </object_component>
      <object_component id="oc-180">
         <name>.text</name>
         <load_address>0x29bc</load_address>
         <run_address>0x29bc</run_address>
         <size>0xfc</size>
         <input_file_ref idref="fl-ce"/>
      </object_component>
      <object_component id="oc-24e">
         <name>.text:_ltostr</name>
         <load_address>0x2ab8</load_address>
         <run_address>0x2ab8</run_address>
         <size>0xb1</size>
         <input_file_ref idref="fl-e2"/>
      </object_component>
      <object_component id="oc-3b">
         <name>.text</name>
         <load_address>0x2b6a</load_address>
         <run_address>0x2b6a</run_address>
         <size>0x9c</size>
         <input_file_ref idref="fl-d1"/>
      </object_component>
      <object_component id="oc-2b1">
         <name>.text</name>
         <load_address>0x2c06</load_address>
         <run_address>0x2c06</run_address>
         <size>0x96</size>
         <input_file_ref idref="fl-eb"/>
      </object_component>
      <object_component id="oc-188">
         <name>.text:__aeabi_cdcmple</name>
         <load_address>0x2c9c</load_address>
         <run_address>0x2c9c</run_address>
         <size>0x86</size>
         <input_file_ref idref="fl-cc"/>
      </object_component>
      <object_component id="oc-18d">
         <name>.text:__aeabi_cdrcmple</name>
         <load_address>0x2d22</load_address>
         <run_address>0x2d22</run_address>
         <size>0x86</size>
         <input_file_ref idref="fl-cc"/>
      </object_component>
      <object_component id="oc-93">
         <name>.text</name>
         <load_address>0x2da8</load_address>
         <run_address>0x2da8</run_address>
         <size>0x7a</size>
         <input_file_ref idref="fl-de"/>
      </object_component>
      <object_component id="oc-2c3">
         <name>.text:_mcpy</name>
         <load_address>0x2e22</load_address>
         <run_address>0x2e22</run_address>
         <size>0x6e</size>
         <input_file_ref idref="fl-e2"/>
      </object_component>
      <object_component id="oc-12">
         <name>.text:decompress:lzss:__TI_decompress_lzss</name>
         <load_address>0x2e90</load_address>
         <run_address>0x2e90</run_address>
         <size>0x68</size>
         <input_file_ref idref="fl-d4"/>
      </object_component>
      <object_component id="oc-2d8">
         <name>.text:frexp</name>
         <load_address>0x2ef8</load_address>
         <run_address>0x2ef8</run_address>
         <size>0x64</size>
         <input_file_ref idref="fl-e9"/>
      </object_component>
      <object_component id="oc-25a">
         <name>.text:_pconv_f</name>
         <load_address>0x2f5c</load_address>
         <run_address>0x2f5c</run_address>
         <size>0x56</size>
         <input_file_ref idref="fl-e2"/>
      </object_component>
      <object_component id="oc-2b7">
         <name>.text:ltoa</name>
         <load_address>0x2fb2</load_address>
         <run_address>0x2fb2</run_address>
         <size>0x54</size>
         <input_file_ref idref="fl-e5"/>
      </object_component>
      <object_component id="oc-2bd">
         <name>.text:_ecpy</name>
         <load_address>0x3006</load_address>
         <run_address>0x3006</run_address>
         <size>0x52</size>
         <input_file_ref idref="fl-e2"/>
      </object_component>
      <object_component id="oc-248">
         <name>.text:atoi</name>
         <load_address>0x3058</load_address>
         <run_address>0x3058</run_address>
         <size>0x4c</size>
         <input_file_ref idref="fl-e3"/>
      </object_component>
      <object_component id="oc-f4">
         <name>.text</name>
         <load_address>0x30a4</load_address>
         <run_address>0x30a4</run_address>
         <size>0x48</size>
         <input_file_ref idref="fl-cf"/>
      </object_component>
      <object_component id="oc-106">
         <name>.text:__TI_auto_init_nobinit_nopinit:__TI_auto_init_nobinit_nopinit</name>
         <load_address>0x30ec</load_address>
         <run_address>0x30ec</run_address>
         <size>0x44</size>
         <input_file_ref idref="fl-df"/>
      </object_component>
      <object_component id="oc-152">
         <name>.text:vsnprintf</name>
         <load_address>0x3130</load_address>
         <run_address>0x3130</run_address>
         <size>0x40</size>
         <input_file_ref idref="fl-dd"/>
      </object_component>
      <object_component id="oc-2d0">
         <name>.text:_fcpy</name>
         <load_address>0x3170</load_address>
         <run_address>0x3170</run_address>
         <size>0x3e</size>
         <input_file_ref idref="fl-e2"/>
      </object_component>
      <object_component id="oc-59">
         <name>.text:_c_int00_noargs:_c_int00_noargs</name>
         <load_address>0x31b0</load_address>
         <run_address>0x31b0</run_address>
         <size>0x38</size>
         <input_file_ref idref="fl-d5"/>
      </object_component>
      <object_component id="oc-138">
         <name>.text:IntRegister</name>
         <load_address>0x31e8</load_address>
         <run_address>0x31e8</run_address>
         <size>0x34</size>
         <input_file_ref idref="fl-ed"/>
      </object_component>
      <object_component id="oc-1d4">
         <name>.text:_outs</name>
         <load_address>0x321c</load_address>
         <run_address>0x321c</run_address>
         <size>0x30</size>
         <input_file_ref idref="fl-dd"/>
      </object_component>
      <object_component id="oc-e4">
         <name>.text</name>
         <load_address>0x324c</load_address>
         <run_address>0x324c</run_address>
         <size>0x2e</size>
         <input_file_ref idref="fl-d0"/>
      </object_component>
      <object_component id="oc-26c">
         <name>.text:memccpy</name>
         <load_address>0x327a</load_address>
         <run_address>0x327a</run_address>
         <size>0x1c</size>
         <input_file_ref idref="fl-e6"/>
      </object_component>
      <object_component id="oc-1da">
         <name>.text:_outc</name>
         <load_address>0x3296</load_address>
         <run_address>0x3296</run_address>
         <size>0x18</size>
         <input_file_ref idref="fl-dd"/>
      </object_component>
      <object_component id="oc-158">
         <name>.text:strcmp</name>
         <load_address>0x32ae</load_address>
         <run_address>0x32ae</run_address>
         <size>0x18</size>
         <input_file_ref idref="fl-db"/>
      </object_component>
      <object_component id="oc-2de">
         <name>.text:strchr</name>
         <load_address>0x32c6</load_address>
         <run_address>0x32c6</run_address>
         <size>0x16</size>
         <input_file_ref idref="fl-e7"/>
      </object_component>
      <object_component id="oc-204">
         <name>.text:copysign</name>
         <load_address>0x32dc</load_address>
         <run_address>0x32dc</run_address>
         <size>0x14</size>
         <input_file_ref idref="fl-ca"/>
      </object_component>
      <object_component id="oc-15e">
         <name>.text:strcpy</name>
         <load_address>0x32f0</load_address>
         <run_address>0x32f0</run_address>
         <size>0x14</size>
         <input_file_ref idref="fl-dc"/>
      </object_component>
      <object_component id="oc-242">
         <name>.text:strlen</name>
         <load_address>0x3304</load_address>
         <run_address>0x3304</run_address>
         <size>0x14</size>
         <input_file_ref idref="fl-e8"/>
      </object_component>
      <object_component id="oc-47">
         <name>.text:decompress:ZI:__TI_zero_init_nomemset:__TI_zero_init_nomemset</name>
         <load_address>0x3318</load_address>
         <run_address>0x3318</run_address>
         <size>0x12</size>
         <input_file_ref idref="fl-d2"/>
      </object_component>
      <object_component id="oc-272">
         <name>.text:wcslen</name>
         <load_address>0x332a</load_address>
         <run_address>0x332a</run_address>
         <size>0x12</size>
         <input_file_ref idref="fl-ea"/>
      </object_component>
      <object_component id="oc-14b">
         <name>.text:lcd_clear</name>
         <load_address>0x333c</load_address>
         <run_address>0x333c</run_address>
         <size>0x10</size>
         <input_file_ref idref="fl-5"/>
      </object_component>
      <object_component id="oc-18">
         <name>.text:decompress:none:__TI_decompress_none</name>
         <load_address>0x334c</load_address>
         <run_address>0x334c</run_address>
         <size>0xe</size>
         <input_file_ref idref="fl-d3"/>
      </object_component>
      <object_component id="oc-27">
         <name>.text</name>
         <load_address>0x335a</load_address>
         <run_address>0x335a</run_address>
         <size>0xc</size>
         <input_file_ref idref="fl-2"/>
      </object_component>
      <object_component id="oc-17a">
         <name>.text:__aeabi_errno_addr</name>
         <load_address>0x3368</load_address>
         <run_address>0x3368</run_address>
         <size>0x8</size>
         <input_file_ref idref="fl-d6"/>
      </object_component>
      <object_component id="oc-99">
         <name>.text:_system_pre_init</name>
         <load_address>0x3370</load_address>
         <run_address>0x3370</run_address>
         <size>0x4</size>
         <input_file_ref idref="fl-e0"/>
      </object_component>
      <object_component id="oc-fa">
         <name>.text:abort:abort</name>
         <load_address>0x3374</load_address>
         <run_address>0x3374</run_address>
         <size>0x4</size>
         <input_file_ref idref="fl-d7"/>
      </object_component>
      <object_component id="oc-2ac">
         <name>.const:.string:_ctypes_</name>
         <load_address>0x3378</load_address>
         <run_address>0x3378</run_address>
         <size>0x101</size>
         <input_file_ref idref="fl-e4"/>
      </object_component>
      <object_component id="oc-164">
         <name>.const:.string:lineAddress$1</name>
         <load_address>0x3479</load_address>
         <run_address>0x3479</run_address>
         <size>0x4</size>
         <input_file_ref idref="fl-5"/>
      </object_component>
      <object_component id="oc-185">
         <name>.const:$O1$$</name>
         <load_address>0x3480</load_address>
         <run_address>0x3480</run_address>
         <size>0x30</size>
         <input_file_ref idref="fl-c7"/>
      </object_component>
      <object_component id="oc-165">
         <name>.const:.string:lineAddresses$2</name>
         <load_address>0x34b0</load_address>
         <run_address>0x34b0</run_address>
         <size>0x4</size>
         <input_file_ref idref="fl-5"/>
      </object_component>
      <object_component id="oc-351">
         <name>__TI_handler_table</name>
         <load_address>0x34b8</load_address>
         <run_address>0x34b8</run_address>
         <size>0xc</size>
      </object_component>
      <object_component id="oc-355">
         <name>.cinit..bss.load</name>
         <load_address>0x34c8</load_address>
         <run_address>0x34c8</run_address>
         <size>0x8</size>
      </object_component>
      <object_component id="oc-353">
         <name>.cinit..vtable.load</name>
         <load_address>0x34d0</load_address>
         <run_address>0x34d0</run_address>
         <size>0x8</size>
      </object_component>
      <object_component id="oc-354">
         <name>.cinit..data.load</name>
         <load_address>0x34d8</load_address>
         <run_address>0x34d8</run_address>
         <size>0x7</size>
      </object_component>
      <object_component id="oc-352">
         <name>__TI_cinit_table</name>
         <load_address>0x34e0</load_address>
         <run_address>0x34e0</run_address>
         <size>0x18</size>
      </object_component>
      <object_component id="oc-1c2">
         <name>.vtable</name>
         <uninitialized>true</uninitialized>
         <run_address>0x20000000</run_address>
         <size>0x26c</size>
         <input_file_ref idref="fl-ed"/>
      </object_component>
      <object_component id="oc-1fa">
         <name>.data</name>
         <load_address>0x2000026c</load_address>
         <run_address>0x2000026c</run_address>
         <size>0x4</size>
         <input_file_ref idref="fl-d6"/>
      </object_component>
      <object_component id="oc-166">
         <name>.bss:lastbuffer$3</name>
         <uninitialized>true</uninitialized>
         <run_address>0x20002270</run_address>
         <size>0x54</size>
         <input_file_ref idref="fl-5"/>
      </object_component>
      <object_component id="oc-13e">
         <name>.common:state</name>
         <uninitialized>true</uninitialized>
         <run_address>0x200022c8</run_address>
         <size>0x4</size>
      </object_component>
      <object_component id="oc-143">
         <name>.common:done_flag</name>
         <uninitialized>true</uninitialized>
         <run_address>0x200022c4</run_address>
         <size>0x4</size>
      </object_component>
      <object_component id="oc-141">
         <name>.common:timer_start</name>
         <uninitialized>true</uninitialized>
         <run_address>0x200022d0</run_address>
         <size>0x4</size>
      </object_component>
      <object_component id="oc-142">
         <name>.common:timer_end</name>
         <uninitialized>true</uninitialized>
         <run_address>0x200022cc</run_address>
         <size>0x4</size>
      </object_component>
      <object_component id="oc-24">
         <name>.sysmem</name>
         <uninitialized>true</uninitialized>
         <run_address>0x20001270</run_address>
         <size>0x8</size>
         <input_file_ref idref="fl-d8"/>
      </object_component>
      <object_component id="oc-357">
         <name>.sysmem</name>
         <uninitialized>true</uninitialized>
         <run_address>0x20001270</run_address>
         <size>0x0</size>
      </object_component>
      <object_component id="oc-21">
         <name>.stack</name>
         <uninitialized>true</uninitialized>
         <run_address>0x20000270</run_address>
         <size>0x4</size>
         <input_file_ref idref="fl-d5"/>
      </object_component>
      <object_component id="oc-356">
         <name>.stack</name>
         <uninitialized>true</uninitialized>
         <run_address>0x20000270</run_address>
         <size>0x0</size>
      </object_component>
      <object_component id="oc-2f">
         <name>.debug_info</name>
         <load_address>0x0</load_address>
         <run_address>0x0</run_address>
         <size>0x294</size>
         <input_file_ref idref="fl-2"/>
      </object_component>
      <object_component id="oc-10">
         <name>.debug_info</name>
         <load_address>0x294</load_address>
         <run_address>0x294</run_address>
         <size>0xd3</size>
         <input_file_ref idref="fl-2"/>
      </object_component>
      <object_component id="oc-28">
         <name>.debug_info</name>
         <load_address>0x367</load_address>
         <run_address>0x367</run_address>
         <size>0x24f</size>
         <input_file_ref idref="fl-2"/>
      </object_component>
      <object_component id="oc-74">
         <name>.debug_info</name>
         <load_address>0x5b6</load_address>
         <run_address>0x5b6</run_address>
         <size>0x26b</size>
         <input_file_ref idref="fl-2"/>
      </object_component>
      <object_component id="oc-36">
         <name>.debug_info</name>
         <load_address>0x821</load_address>
         <run_address>0x821</run_address>
         <size>0x84</size>
         <input_file_ref idref="fl-2"/>
      </object_component>
      <object_component id="oc-bd">
         <name>.debug_info</name>
         <load_address>0x8a5</load_address>
         <run_address>0x8a5</run_address>
         <size>0x297</size>
         <input_file_ref idref="fl-2"/>
      </object_component>
      <object_component id="oc-79">
         <name>.debug_info</name>
         <load_address>0xb3c</load_address>
         <run_address>0xb3c</run_address>
         <size>0xbb</size>
         <input_file_ref idref="fl-2"/>
      </object_component>
      <object_component id="oc-28c">
         <name>.debug_info</name>
         <load_address>0xbf7</load_address>
         <run_address>0xbf7</run_address>
         <size>0x280</size>
         <input_file_ref idref="fl-3"/>
      </object_component>
      <object_component id="oc-146">
         <name>.debug_info</name>
         <load_address>0xe77</load_address>
         <run_address>0xe77</run_address>
         <size>0x2c</size>
         <input_file_ref idref="fl-3"/>
      </object_component>
      <object_component id="oc-1f2">
         <name>.debug_info</name>
         <load_address>0xea3</load_address>
         <run_address>0xea3</run_address>
         <size>0xcc</size>
         <input_file_ref idref="fl-3"/>
      </object_component>
      <object_component id="oc-169">
         <name>.debug_info</name>
         <load_address>0xf6f</load_address>
         <run_address>0xf6f</run_address>
         <size>0x2c</size>
         <input_file_ref idref="fl-3"/>
      </object_component>
      <object_component id="oc-168">
         <name>.debug_info</name>
         <load_address>0xf9b</load_address>
         <run_address>0xf9b</run_address>
         <size>0x37d</size>
         <input_file_ref idref="fl-5"/>
      </object_component>
      <object_component id="oc-14d">
         <name>.debug_info</name>
         <load_address>0x1318</load_address>
         <run_address>0x1318</run_address>
         <size>0x12e</size>
         <input_file_ref idref="fl-5"/>
      </object_component>
      <object_component id="oc-df">
         <name>.debug_info</name>
         <load_address>0x1446</load_address>
         <run_address>0x1446</run_address>
         <size>0x987</size>
         <input_file_ref idref="fl-5"/>
      </object_component>
      <object_component id="oc-a0">
         <name>.debug_info</name>
         <load_address>0x1dcd</load_address>
         <run_address>0x1dcd</run_address>
         <size>0x2b7</size>
         <input_file_ref idref="fl-6"/>
      </object_component>
      <object_component id="oc-13f">
         <name>.debug_info</name>
         <load_address>0x2084</load_address>
         <run_address>0x2084</run_address>
         <size>0x379</size>
         <input_file_ref idref="fl-9"/>
      </object_component>
      <object_component id="oc-d4">
         <name>.debug_info</name>
         <load_address>0x23fd</load_address>
         <run_address>0x23fd</run_address>
         <size>0x2d7</size>
         <input_file_ref idref="fl-9"/>
      </object_component>
      <object_component id="oc-db">
         <name>.debug_info</name>
         <load_address>0x26d4</load_address>
         <run_address>0x26d4</run_address>
         <size>0x482</size>
         <input_file_ref idref="fl-b"/>
      </object_component>
      <object_component id="oc-19e">
         <name>.debug_info</name>
         <load_address>0x2b56</load_address>
         <run_address>0x2b56</run_address>
         <size>0x358</size>
         <input_file_ref idref="fl-c7"/>
      </object_component>
      <object_component id="oc-186">
         <name>.debug_info</name>
         <load_address>0x2eae</load_address>
         <run_address>0x2eae</run_address>
         <size>0x11d</size>
         <input_file_ref idref="fl-c7"/>
      </object_component>
      <object_component id="oc-ea">
         <name>.debug_info</name>
         <load_address>0x2fcb</load_address>
         <run_address>0x2fcb</run_address>
         <size>0xbd9</size>
         <input_file_ref idref="fl-c7"/>
      </object_component>
      <object_component id="oc-211">
         <name>.debug_info</name>
         <load_address>0x3ba4</load_address>
         <run_address>0x3ba4</run_address>
         <size>0x46</size>
         <input_file_ref idref="fl-c7"/>
      </object_component>
      <object_component id="oc-199">
         <name>.debug_info</name>
         <load_address>0x3bea</load_address>
         <run_address>0x3bea</run_address>
         <size>0x39</size>
         <input_file_ref idref="fl-c7"/>
      </object_component>
      <object_component id="oc-1f9">
         <name>.debug_info</name>
         <load_address>0x3c23</load_address>
         <run_address>0x3c23</run_address>
         <size>0x2bf</size>
         <input_file_ref idref="fl-c8"/>
      </object_component>
      <object_component id="oc-175">
         <name>.debug_info</name>
         <load_address>0x3ee2</load_address>
         <run_address>0x3ee2</run_address>
         <size>0x242</size>
         <input_file_ref idref="fl-c8"/>
      </object_component>
      <object_component id="oc-20b">
         <name>.debug_info</name>
         <load_address>0x4124</load_address>
         <run_address>0x4124</run_address>
         <size>0x2f2</size>
         <input_file_ref idref="fl-c9"/>
      </object_component>
      <object_component id="oc-193">
         <name>.debug_info</name>
         <load_address>0x4416</load_address>
         <run_address>0x4416</run_address>
         <size>0x21a</size>
         <input_file_ref idref="fl-c9"/>
      </object_component>
      <object_component id="oc-296">
         <name>.debug_info</name>
         <load_address>0x4630</load_address>
         <run_address>0x4630</run_address>
         <size>0x39</size>
         <input_file_ref idref="fl-c9"/>
      </object_component>
      <object_component id="oc-20c">
         <name>.debug_info</name>
         <load_address>0x4669</load_address>
         <run_address>0x4669</run_address>
         <size>0x2c</size>
         <input_file_ref idref="fl-c9"/>
      </object_component>
      <object_component id="oc-205">
         <name>.debug_info</name>
         <load_address>0x4695</load_address>
         <run_address>0x4695</run_address>
         <size>0x156</size>
         <input_file_ref idref="fl-ca"/>
      </object_component>
      <object_component id="oc-f0">
         <name>.debug_info</name>
         <load_address>0x47eb</load_address>
         <run_address>0x47eb</run_address>
         <size>0x144</size>
         <input_file_ref idref="fl-cb"/>
      </object_component>
      <object_component id="oc-189">
         <name>.debug_info</name>
         <load_address>0x492f</load_address>
         <run_address>0x492f</run_address>
         <size>0x120</size>
         <input_file_ref idref="fl-cc"/>
      </object_component>
      <object_component id="oc-190">
         <name>.debug_info</name>
         <load_address>0x4a4f</load_address>
         <run_address>0x4a4f</run_address>
         <size>0x122</size>
         <input_file_ref idref="fl-cc"/>
      </object_component>
      <object_component id="oc-171">
         <name>.debug_info</name>
         <load_address>0x4b71</load_address>
         <run_address>0x4b71</run_address>
         <size>0x132</size>
         <input_file_ref idref="fl-cd"/>
      </object_component>
      <object_component id="oc-181">
         <name>.debug_info</name>
         <load_address>0x4ca3</load_address>
         <run_address>0x4ca3</run_address>
         <size>0x132</size>
         <input_file_ref idref="fl-ce"/>
      </object_component>
      <object_component id="oc-f7">
         <name>.debug_info</name>
         <load_address>0x4dd5</load_address>
         <run_address>0x4dd5</run_address>
         <size>0x126</size>
         <input_file_ref idref="fl-cf"/>
      </object_component>
      <object_component id="oc-e6">
         <name>.debug_info</name>
         <load_address>0x4efb</load_address>
         <run_address>0x4efb</run_address>
         <size>0x124</size>
         <input_file_ref idref="fl-d0"/>
      </object_component>
      <object_component id="oc-3e">
         <name>.debug_info</name>
         <load_address>0x501f</load_address>
         <run_address>0x501f</run_address>
         <size>0x111</size>
         <input_file_ref idref="fl-d1"/>
      </object_component>
      <object_component id="oc-92">
         <name>.debug_info</name>
         <load_address>0x5130</load_address>
         <run_address>0x5130</run_address>
         <size>0x313</size>
         <input_file_ref idref="fl-d2"/>
      </object_component>
      <object_component id="oc-48">
         <name>.debug_info</name>
         <load_address>0x5443</load_address>
         <run_address>0x5443</run_address>
         <size>0x1b4</size>
         <input_file_ref idref="fl-d2"/>
      </object_component>
      <object_component id="oc-8d">
         <name>.debug_info</name>
         <load_address>0x55f7</load_address>
         <run_address>0x55f7</run_address>
         <size>0x46</size>
         <input_file_ref idref="fl-d2"/>
      </object_component>
      <object_component id="oc-c9">
         <name>.debug_info</name>
         <load_address>0x563d</load_address>
         <run_address>0x563d</run_address>
         <size>0x2c</size>
         <input_file_ref idref="fl-d2"/>
      </object_component>
      <object_component id="oc-46">
         <name>.debug_info</name>
         <load_address>0x5669</load_address>
         <run_address>0x5669</run_address>
         <size>0x29d</size>
         <input_file_ref idref="fl-d3"/>
      </object_component>
      <object_component id="oc-1b">
         <name>.debug_info</name>
         <load_address>0x5906</load_address>
         <run_address>0x5906</run_address>
         <size>0x1df</size>
         <input_file_ref idref="fl-d3"/>
      </object_component>
      <object_component id="oc-41">
         <name>.debug_info</name>
         <load_address>0x5ae5</load_address>
         <run_address>0x5ae5</run_address>
         <size>0x46</size>
         <input_file_ref idref="fl-d3"/>
      </object_component>
      <object_component id="oc-85">
         <name>.debug_info</name>
         <load_address>0x5b2b</load_address>
         <run_address>0x5b2b</run_address>
         <size>0x2c</size>
         <input_file_ref idref="fl-d3"/>
      </object_component>
      <object_component id="oc-83">
         <name>.debug_info</name>
         <load_address>0x5b57</load_address>
         <run_address>0x5b57</run_address>
         <size>0x293</size>
         <input_file_ref idref="fl-d4"/>
      </object_component>
      <object_component id="oc-13">
         <name>.debug_info</name>
         <load_address>0x5dea</load_address>
         <run_address>0x5dea</run_address>
         <size>0x245</size>
         <input_file_ref idref="fl-d4"/>
      </object_component>
      <object_component id="oc-31">
         <name>.debug_info</name>
         <load_address>0x602f</load_address>
         <run_address>0x602f</run_address>
         <size>0x60</size>
         <input_file_ref idref="fl-d4"/>
      </object_component>
      <object_component id="oc-c2">
         <name>.debug_info</name>
         <load_address>0x608f</load_address>
         <run_address>0x608f</run_address>
         <size>0x46</size>
         <input_file_ref idref="fl-d4"/>
      </object_component>
      <object_component id="oc-7e">
         <name>.debug_info</name>
         <load_address>0x60d5</load_address>
         <run_address>0x60d5</run_address>
         <size>0x39</size>
         <input_file_ref idref="fl-d4"/>
      </object_component>
      <object_component id="oc-22">
         <name>.debug_info</name>
         <load_address>0x610e</load_address>
         <run_address>0x610e</run_address>
         <size>0x100</size>
         <input_file_ref idref="fl-d5"/>
      </object_component>
      <object_component id="oc-5a">
         <name>.debug_info</name>
         <load_address>0x620e</load_address>
         <run_address>0x620e</run_address>
         <size>0x1a4</size>
         <input_file_ref idref="fl-d5"/>
      </object_component>
      <object_component id="oc-1fe">
         <name>.debug_info</name>
         <load_address>0x63b2</load_address>
         <run_address>0x63b2</run_address>
         <size>0x27e</size>
         <input_file_ref idref="fl-d6"/>
      </object_component>
      <object_component id="oc-1fb">
         <name>.debug_info</name>
         <load_address>0x6630</load_address>
         <run_address>0x6630</run_address>
         <size>0x103</size>
         <input_file_ref idref="fl-d6"/>
      </object_component>
      <object_component id="oc-17b">
         <name>.debug_info</name>
         <load_address>0x6733</load_address>
         <run_address>0x6733</run_address>
         <size>0x143</size>
         <input_file_ref idref="fl-d6"/>
      </object_component>
      <object_component id="oc-fb">
         <name>.debug_info</name>
         <load_address>0x6876</load_address>
         <run_address>0x6876</run_address>
         <size>0x117</size>
         <input_file_ref idref="fl-d7"/>
      </object_component>
      <object_component id="oc-6f">
         <name>.debug_info</name>
         <load_address>0x698d</load_address>
         <run_address>0x698d</run_address>
         <size>0x3bb</size>
         <input_file_ref idref="fl-d8"/>
      </object_component>
      <object_component id="oc-25">
         <name>.debug_info</name>
         <load_address>0x6d48</load_address>
         <run_address>0x6d48</run_address>
         <size>0x101</size>
         <input_file_ref idref="fl-d8"/>
      </object_component>
      <object_component id="oc-b3">
         <name>.debug_info</name>
         <load_address>0x6e49</load_address>
         <run_address>0x6e49</run_address>
         <size>0x2c</size>
         <input_file_ref idref="fl-d8"/>
      </object_component>
      <object_component id="oc-b8">
         <name>.debug_info</name>
         <load_address>0x6e75</load_address>
         <run_address>0x6e75</run_address>
         <size>0x62</size>
         <input_file_ref idref="fl-d8"/>
      </object_component>
      <object_component id="oc-1ed">
         <name>.debug_info</name>
         <load_address>0x6ed7</load_address>
         <run_address>0x6ed7</run_address>
         <size>0x27f</size>
         <input_file_ref idref="fl-db"/>
      </object_component>
      <object_component id="oc-15a">
         <name>.debug_info</name>
         <load_address>0x7156</load_address>
         <run_address>0x7156</run_address>
         <size>0x258</size>
         <input_file_ref idref="fl-db"/>
      </object_component>
      <object_component id="oc-1ef">
         <name>.debug_info</name>
         <load_address>0x73ae</load_address>
         <run_address>0x73ae</run_address>
         <size>0x299</size>
         <input_file_ref idref="fl-dc"/>
      </object_component>
      <object_component id="oc-15f">
         <name>.debug_info</name>
         <load_address>0x7647</load_address>
         <run_address>0x7647</run_address>
         <size>0x231</size>
         <input_file_ref idref="fl-dc"/>
      </object_component>
      <object_component id="oc-1e1">
         <name>.debug_info</name>
         <load_address>0x7878</load_address>
         <run_address>0x7878</run_address>
         <size>0x335</size>
         <input_file_ref idref="fl-dd"/>
      </object_component>
      <object_component id="oc-153">
         <name>.debug_info</name>
         <load_address>0x7bad</load_address>
         <run_address>0x7bad</run_address>
         <size>0x1fd</size>
         <input_file_ref idref="fl-dd"/>
      </object_component>
      <object_component id="oc-1d6">
         <name>.debug_info</name>
         <load_address>0x7daa</load_address>
         <run_address>0x7daa</run_address>
         <size>0x1bb</size>
         <input_file_ref idref="fl-dd"/>
      </object_component>
      <object_component id="oc-1db">
         <name>.debug_info</name>
         <load_address>0x7f65</load_address>
         <run_address>0x7f65</run_address>
         <size>0x16e</size>
         <input_file_ref idref="fl-dd"/>
      </object_component>
      <object_component id="oc-1e2">
         <name>.debug_info</name>
         <load_address>0x80d3</load_address>
         <run_address>0x80d3</run_address>
         <size>0x2c</size>
         <input_file_ref idref="fl-dd"/>
      </object_component>
      <object_component id="oc-1e7">
         <name>.debug_info</name>
         <load_address>0x80ff</load_address>
         <run_address>0x80ff</run_address>
         <size>0x69</size>
         <input_file_ref idref="fl-dd"/>
      </object_component>
      <object_component id="oc-94">
         <name>.debug_info</name>
         <load_address>0x8168</load_address>
         <run_address>0x8168</run_address>
         <size>0x13f</size>
         <input_file_ref idref="fl-de"/>
      </object_component>
      <object_component id="oc-1ad">
         <name>.debug_info</name>
         <load_address>0x82a7</load_address>
         <run_address>0x82a7</run_address>
         <size>0x547</size>
         <input_file_ref idref="fl-df"/>
      </object_component>
      <object_component id="oc-107">
         <name>.debug_info</name>
         <load_address>0x87ee</load_address>
         <run_address>0x87ee</run_address>
         <size>0x19b</size>
         <input_file_ref idref="fl-df"/>
      </object_component>
      <object_component id="oc-228">
         <name>.debug_info</name>
         <load_address>0x8989</load_address>
         <run_address>0x8989</run_address>
         <size>0x39</size>
         <input_file_ref idref="fl-df"/>
      </object_component>
      <object_component id="oc-29e">
         <name>.debug_info</name>
         <load_address>0x89c2</load_address>
         <run_address>0x89c2</run_address>
         <size>0x39</size>
         <input_file_ref idref="fl-df"/>
      </object_component>
      <object_component id="oc-22d">
         <name>.debug_info</name>
         <load_address>0x89fb</load_address>
         <run_address>0x89fb</run_address>
         <size>0x39</size>
         <input_file_ref idref="fl-df"/>
      </object_component>
      <object_component id="oc-232">
         <name>.debug_info</name>
         <load_address>0x8a34</load_address>
         <run_address>0x8a34</run_address>
         <size>0xcd</size>
         <input_file_ref idref="fl-df"/>
      </object_component>
      <object_component id="oc-9a">
         <name>.debug_info</name>
         <load_address>0x8b01</load_address>
         <run_address>0x8b01</run_address>
         <size>0x148</size>
         <input_file_ref idref="fl-e0"/>
      </object_component>
      <object_component id="oc-279">
         <name>.debug_info</name>
         <load_address>0x8c49</load_address>
         <run_address>0x8c49</run_address>
         <size>0x8a6</size>
         <input_file_ref idref="fl-e2"/>
      </object_component>
      <object_component id="oc-250">
         <name>.debug_info</name>
         <load_address>0x94ef</load_address>
         <run_address>0x94ef</run_address>
         <size>0x213</size>
         <input_file_ref idref="fl-e2"/>
      </object_component>
      <object_component id="oc-2bf">
         <name>.debug_info</name>
         <load_address>0x9702</load_address>
         <run_address>0x9702</run_address>
         <size>0x1a8</size>
         <input_file_ref idref="fl-e2"/>
      </object_component>
      <object_component id="oc-2c5">
         <name>.debug_info</name>
         <load_address>0x98aa</load_address>
         <run_address>0x98aa</run_address>
         <size>0x210</size>
         <input_file_ref idref="fl-e2"/>
      </object_component>
      <object_component id="oc-256">
         <name>.debug_info</name>
         <load_address>0x9aba</load_address>
         <run_address>0x9aba</run_address>
         <size>0x3b0</size>
         <input_file_ref idref="fl-e2"/>
      </object_component>
      <object_component id="oc-2cc">
         <name>.debug_info</name>
         <load_address>0x9e6a</load_address>
         <run_address>0x9e6a</run_address>
         <size>0x2fa</size>
         <input_file_ref idref="fl-e2"/>
      </object_component>
      <object_component id="oc-2d2">
         <name>.debug_info</name>
         <load_address>0xa164</load_address>
         <run_address>0xa164</run_address>
         <size>0x20a</size>
         <input_file_ref idref="fl-e2"/>
      </object_component>
      <object_component id="oc-25c">
         <name>.debug_info</name>
         <load_address>0xa36e</load_address>
         <run_address>0xa36e</run_address>
         <size>0x20a</size>
         <input_file_ref idref="fl-e2"/>
      </object_component>
      <object_component id="oc-262">
         <name>.debug_info</name>
         <load_address>0xa578</load_address>
         <run_address>0xa578</run_address>
         <size>0x2f9</size>
         <input_file_ref idref="fl-e2"/>
      </object_component>
      <object_component id="oc-268">
         <name>.debug_info</name>
         <load_address>0xa871</load_address>
         <run_address>0xa871</run_address>
         <size>0x4a5</size>
         <input_file_ref idref="fl-e2"/>
      </object_component>
      <object_component id="oc-1d0">
         <name>.debug_info</name>
         <load_address>0xad16</load_address>
         <run_address>0xad16</run_address>
         <size>0x5cd</size>
         <input_file_ref idref="fl-e2"/>
      </object_component>
      <object_component id="oc-27a">
         <name>.debug_info</name>
         <load_address>0xb2e3</load_address>
         <run_address>0xb2e3</run_address>
         <size>0x86</size>
         <input_file_ref idref="fl-e2"/>
      </object_component>
      <object_component id="oc-2f0">
         <name>.debug_info</name>
         <load_address>0xb369</load_address>
         <run_address>0xb369</run_address>
         <size>0x39</size>
         <input_file_ref idref="fl-e2"/>
      </object_component>
      <object_component id="oc-31c">
         <name>.debug_info</name>
         <load_address>0xb3a2</load_address>
         <run_address>0xb3a2</run_address>
         <size>0xb6</size>
         <input_file_ref idref="fl-e2"/>
      </object_component>
      <object_component id="oc-2f5">
         <name>.debug_info</name>
         <load_address>0xb458</load_address>
         <run_address>0xb458</run_address>
         <size>0x46</size>
         <input_file_ref idref="fl-e2"/>
      </object_component>
      <object_component id="oc-27f">
         <name>.debug_info</name>
         <load_address>0xb49e</load_address>
         <run_address>0xb49e</run_address>
         <size>0x46</size>
         <input_file_ref idref="fl-e2"/>
      </object_component>
      <object_component id="oc-2b0">
         <name>.debug_info</name>
         <load_address>0xb4e4</load_address>
         <run_address>0xb4e4</run_address>
         <size>0x2ae</size>
         <input_file_ref idref="fl-e3"/>
      </object_component>
      <object_component id="oc-249">
         <name>.debug_info</name>
         <load_address>0xb792</load_address>
         <run_address>0xb792</run_address>
         <size>0x171</size>
         <input_file_ref idref="fl-e3"/>
      </object_component>
      <object_component id="oc-300">
         <name>.debug_info</name>
         <load_address>0xb903</load_address>
         <run_address>0xb903</run_address>
         <size>0xee</size>
         <input_file_ref idref="fl-e4"/>
      </object_component>
      <object_component id="oc-2ad">
         <name>.debug_info</name>
         <load_address>0xb9f1</load_address>
         <run_address>0xb9f1</run_address>
         <size>0xfa</size>
         <input_file_ref idref="fl-e4"/>
      </object_component>
      <object_component id="oc-30a">
         <name>.debug_info</name>
         <load_address>0xbaeb</load_address>
         <run_address>0xbaeb</run_address>
         <size>0x290</size>
         <input_file_ref idref="fl-e5"/>
      </object_component>
      <object_component id="oc-2ba">
         <name>.debug_info</name>
         <load_address>0xbd7b</load_address>
         <run_address>0xbd7b</run_address>
         <size>0x1c2</size>
         <input_file_ref idref="fl-e5"/>
      </object_component>
      <object_component id="oc-2e6">
         <name>.debug_info</name>
         <load_address>0xbf3d</load_address>
         <run_address>0xbf3d</run_address>
         <size>0x28b</size>
         <input_file_ref idref="fl-e6"/>
      </object_component>
      <object_component id="oc-26d">
         <name>.debug_info</name>
         <load_address>0xc1c8</load_address>
         <run_address>0xc1c8</run_address>
         <size>0x1ab</size>
         <input_file_ref idref="fl-e6"/>
      </object_component>
      <object_component id="oc-312">
         <name>.debug_info</name>
         <load_address>0xc373</load_address>
         <run_address>0xc373</run_address>
         <size>0x28f</size>
         <input_file_ref idref="fl-e7"/>
      </object_component>
      <object_component id="oc-2df">
         <name>.debug_info</name>
         <load_address>0xc602</load_address>
         <run_address>0xc602</run_address>
         <size>0x247</size>
         <input_file_ref idref="fl-e7"/>
      </object_component>
      <object_component id="oc-2ab">
         <name>.debug_info</name>
         <load_address>0xc849</load_address>
         <run_address>0xc849</run_address>
         <size>0x284</size>
         <input_file_ref idref="fl-e8"/>
      </object_component>
      <object_component id="oc-243">
         <name>.debug_info</name>
         <load_address>0xcacd</load_address>
         <run_address>0xcacd</run_address>
         <size>0x22a</size>
         <input_file_ref idref="fl-e8"/>
      </object_component>
      <object_component id="oc-310">
         <name>.debug_info</name>
         <load_address>0xccf7</load_address>
         <run_address>0xccf7</run_address>
         <size>0x28f</size>
         <input_file_ref idref="fl-e9"/>
      </object_component>
      <object_component id="oc-2db">
         <name>.debug_info</name>
         <load_address>0xcf86</load_address>
         <run_address>0xcf86</run_address>
         <size>0x18a</size>
         <input_file_ref idref="fl-e9"/>
      </object_component>
      <object_component id="oc-2ed">
         <name>.debug_info</name>
         <load_address>0xd110</load_address>
         <run_address>0xd110</run_address>
         <size>0x284</size>
         <input_file_ref idref="fl-ea"/>
      </object_component>
      <object_component id="oc-274">
         <name>.debug_info</name>
         <load_address>0xd394</load_address>
         <run_address>0xd394</run_address>
         <size>0x14f</size>
         <input_file_ref idref="fl-ea"/>
      </object_component>
      <object_component id="oc-315">
         <name>.debug_info</name>
         <load_address>0xd4e3</load_address>
         <run_address>0xd4e3</run_address>
         <size>0x46</size>
         <input_file_ref idref="fl-ea"/>
      </object_component>
      <object_component id="oc-2e8">
         <name>.debug_info</name>
         <load_address>0xd529</load_address>
         <run_address>0xd529</run_address>
         <size>0x39</size>
         <input_file_ref idref="fl-ea"/>
      </object_component>
      <object_component id="oc-2b2">
         <name>.debug_info</name>
         <load_address>0xd562</load_address>
         <run_address>0xd562</run_address>
         <size>0x12c</size>
         <input_file_ref idref="fl-eb"/>
      </object_component>
      <object_component id="oc-306">
         <name>.debug_info</name>
         <load_address>0xd68e</load_address>
         <run_address>0xd68e</run_address>
         <size>0x10d</size>
         <input_file_ref idref="fl-ec"/>
      </object_component>
      <object_component id="oc-1cb">
         <name>.debug_info</name>
         <load_address>0xd79b</load_address>
         <run_address>0xd79b</run_address>
         <size>0x20e</size>
         <input_file_ref idref="fl-ed"/>
      </object_component>
      <object_component id="oc-1c3">
         <name>.debug_info</name>
         <load_address>0xd9a9</load_address>
         <run_address>0xd9a9</run_address>
         <size>0x157</size>
         <input_file_ref idref="fl-ed"/>
      </object_component>
      <object_component id="oc-139">
         <name>.debug_info</name>
         <load_address>0xdb00</load_address>
         <run_address>0xdb00</run_address>
         <size>0x2c1</size>
         <input_file_ref idref="fl-ed"/>
      </object_component>
      <object_component id="oc-23b">
         <name>.debug_info</name>
         <load_address>0xddc1</load_address>
         <run_address>0xddc1</run_address>
         <size>0x8b</size>
         <input_file_ref idref="fl-ed"/>
      </object_component>
      <object_component id="oc-1c6">
         <name>.debug_info</name>
         <load_address>0xde4c</load_address>
         <run_address>0xde4c</run_address>
         <size>0x18b</size>
         <input_file_ref idref="fl-ed"/>
      </object_component>
      <object_component id="oc-358">
         <name>.debug_info</name>
         <load_address>0xdfd7</load_address>
         <run_address>0xdfd7</run_address>
         <size>0x89</size>
      </object_component>
      <object_component id="oc-73">
         <name>.debug_line</name>
         <load_address>0x0</load_address>
         <run_address>0x0</run_address>
         <size>0x41</size>
         <input_file_ref idref="fl-2"/>
      </object_component>
      <object_component id="oc-2e">
         <name>.debug_line</name>
         <load_address>0x41</load_address>
         <run_address>0x41</run_address>
         <size>0x41</size>
         <input_file_ref idref="fl-2"/>
      </object_component>
      <object_component id="oc-2b">
         <name>.debug_line</name>
         <load_address>0x82</load_address>
         <run_address>0x82</run_address>
         <size>0xa1</size>
         <input_file_ref idref="fl-2"/>
      </object_component>
      <object_component id="oc-77">
         <name>.debug_line</name>
         <load_address>0x123</load_address>
         <run_address>0x123</run_address>
         <size>0x69</size>
         <input_file_ref idref="fl-2"/>
      </object_component>
      <object_component id="oc-39">
         <name>.debug_line</name>
         <load_address>0x18c</load_address>
         <run_address>0x18c</run_address>
         <size>0x20</size>
         <input_file_ref idref="fl-2"/>
      </object_component>
      <object_component id="oc-c0">
         <name>.debug_line</name>
         <load_address>0x1ac</load_address>
         <run_address>0x1ac</run_address>
         <size>0x6d</size>
         <input_file_ref idref="fl-2"/>
      </object_component>
      <object_component id="oc-7c">
         <name>.debug_line</name>
         <load_address>0x219</load_address>
         <run_address>0x219</run_address>
         <size>0x6a</size>
         <input_file_ref idref="fl-2"/>
      </object_component>
      <object_component id="oc-2fb">
         <name>.debug_line</name>
         <load_address>0x283</load_address>
         <run_address>0x283</run_address>
         <size>0x20</size>
         <input_file_ref idref="fl-3"/>
      </object_component>
      <object_component id="oc-149">
         <name>.debug_line</name>
         <load_address>0x2a3</load_address>
         <run_address>0x2a3</run_address>
         <size>0x39</size>
         <input_file_ref idref="fl-3"/>
      </object_component>
      <object_component id="oc-1f5">
         <name>.debug_line</name>
         <load_address>0x2dc</load_address>
         <run_address>0x2dc</run_address>
         <size>0x64</size>
         <input_file_ref idref="fl-3"/>
      </object_component>
      <object_component id="oc-16c">
         <name>.debug_line</name>
         <load_address>0x340</load_address>
         <run_address>0x340</run_address>
         <size>0x65</size>
         <input_file_ref idref="fl-3"/>
      </object_component>
      <object_component id="oc-1f1">
         <name>.debug_line</name>
         <load_address>0x3a5</load_address>
         <run_address>0x3a5</run_address>
         <size>0xc2</size>
         <input_file_ref idref="fl-5"/>
      </object_component>
      <object_component id="oc-14c">
         <name>.debug_line</name>
         <load_address>0x467</load_address>
         <run_address>0x467</run_address>
         <size>0x50</size>
         <input_file_ref idref="fl-5"/>
      </object_component>
      <object_component id="oc-e3">
         <name>.debug_line</name>
         <load_address>0x4b7</load_address>
         <run_address>0x4b7</run_address>
         <size>0x1b5</size>
         <input_file_ref idref="fl-5"/>
      </object_component>
      <object_component id="oc-a3">
         <name>.debug_line</name>
         <load_address>0x66c</load_address>
         <run_address>0x66c</run_address>
         <size>0x7e</size>
         <input_file_ref idref="fl-6"/>
      </object_component>
      <object_component id="oc-1cd">
         <name>.debug_line</name>
         <load_address>0x6ea</load_address>
         <run_address>0x6ea</run_address>
         <size>0x8c</size>
         <input_file_ref idref="fl-9"/>
      </object_component>
      <object_component id="oc-d6">
         <name>.debug_line</name>
         <load_address>0x776</load_address>
         <run_address>0x776</run_address>
         <size>0xaf</size>
         <input_file_ref idref="fl-9"/>
      </object_component>
      <object_component id="oc-d9">
         <name>.debug_line</name>
         <load_address>0x825</load_address>
         <run_address>0x825</run_address>
         <size>0x11b</size>
         <input_file_ref idref="fl-b"/>
      </object_component>
      <object_component id="oc-217">
         <name>.debug_line</name>
         <load_address>0x940</load_address>
         <run_address>0x940</run_address>
         <size>0x93</size>
         <input_file_ref idref="fl-c7"/>
      </object_component>
      <object_component id="oc-201">
         <name>.debug_line</name>
         <load_address>0x9d3</load_address>
         <run_address>0x9d3</run_address>
         <size>0x2b</size>
         <input_file_ref idref="fl-c7"/>
      </object_component>
      <object_component id="oc-ed">
         <name>.debug_line</name>
         <load_address>0x9fe</load_address>
         <run_address>0x9fe</run_address>
         <size>0x2ba</size>
         <input_file_ref idref="fl-c7"/>
      </object_component>
      <object_component id="oc-214">
         <name>.debug_line</name>
         <load_address>0xcb8</load_address>
         <run_address>0xcb8</run_address>
         <size>0x92</size>
         <input_file_ref idref="fl-c7"/>
      </object_component>
      <object_component id="oc-19c">
         <name>.debug_line</name>
         <load_address>0xd4a</load_address>
         <run_address>0xd4a</run_address>
         <size>0x8f</size>
         <input_file_ref idref="fl-c7"/>
      </object_component>
      <object_component id="oc-28e">
         <name>.debug_line</name>
         <load_address>0xdd9</load_address>
         <run_address>0xdd9</run_address>
         <size>0x89</size>
         <input_file_ref idref="fl-c8"/>
      </object_component>
      <object_component id="oc-178">
         <name>.debug_line</name>
         <load_address>0xe62</load_address>
         <run_address>0xe62</run_address>
         <size>0x12d</size>
         <input_file_ref idref="fl-c8"/>
      </object_component>
      <object_component id="oc-295">
         <name>.debug_line</name>
         <load_address>0xf8f</load_address>
         <run_address>0xf8f</run_address>
         <size>0x93</size>
         <input_file_ref idref="fl-c9"/>
      </object_component>
      <object_component id="oc-196">
         <name>.debug_line</name>
         <load_address>0x1022</load_address>
         <run_address>0x1022</run_address>
         <size>0x9c</size>
         <input_file_ref idref="fl-c9"/>
      </object_component>
      <object_component id="oc-299">
         <name>.debug_line</name>
         <load_address>0x10be</load_address>
         <run_address>0x10be</run_address>
         <size>0x92</size>
         <input_file_ref idref="fl-c9"/>
      </object_component>
      <object_component id="oc-20f">
         <name>.debug_line</name>
         <load_address>0x1150</load_address>
         <run_address>0x1150</run_address>
         <size>0x8f</size>
         <input_file_ref idref="fl-c9"/>
      </object_component>
      <object_component id="oc-208">
         <name>.debug_line</name>
         <load_address>0x11df</load_address>
         <run_address>0x11df</run_address>
         <size>0x45</size>
         <input_file_ref idref="fl-ca"/>
      </object_component>
      <object_component id="oc-f3">
         <name>.debug_line</name>
         <load_address>0x1224</load_address>
         <run_address>0x1224</run_address>
         <size>0xd2</size>
         <input_file_ref idref="fl-cb"/>
      </object_component>
      <object_component id="oc-18c">
         <name>.debug_line</name>
         <load_address>0x12f6</load_address>
         <run_address>0x12f6</run_address>
         <size>0x77</size>
         <input_file_ref idref="fl-cc"/>
      </object_component>
      <object_component id="oc-18e">
         <name>.debug_line</name>
         <load_address>0x136d</load_address>
         <run_address>0x136d</run_address>
         <size>0x77</size>
         <input_file_ref idref="fl-cc"/>
      </object_component>
      <object_component id="oc-170">
         <name>.debug_line</name>
         <load_address>0x13e4</load_address>
         <run_address>0x13e4</run_address>
         <size>0xa8</size>
         <input_file_ref idref="fl-cd"/>
      </object_component>
      <object_component id="oc-184">
         <name>.debug_line</name>
         <load_address>0x148c</load_address>
         <run_address>0x148c</run_address>
         <size>0x8e</size>
         <input_file_ref idref="fl-ce"/>
      </object_component>
      <object_component id="oc-f5">
         <name>.debug_line</name>
         <load_address>0x151a</load_address>
         <run_address>0x151a</run_address>
         <size>0x5a</size>
         <input_file_ref idref="fl-cf"/>
      </object_component>
      <object_component id="oc-e8">
         <name>.debug_line</name>
         <load_address>0x1574</load_address>
         <run_address>0x1574</run_address>
         <size>0x50</size>
         <input_file_ref idref="fl-d0"/>
      </object_component>
      <object_component id="oc-3d">
         <name>.debug_line</name>
         <load_address>0x15c4</load_address>
         <run_address>0x15c4</run_address>
         <size>0x88</size>
         <input_file_ref idref="fl-d1"/>
      </object_component>
      <object_component id="oc-cf">
         <name>.debug_line</name>
         <load_address>0x164c</load_address>
         <run_address>0x164c</run_address>
         <size>0x9e</size>
         <input_file_ref idref="fl-d2"/>
      </object_component>
      <object_component id="oc-4c">
         <name>.debug_line</name>
         <load_address>0x16ea</load_address>
         <run_address>0x16ea</run_address>
         <size>0x4f</size>
         <input_file_ref idref="fl-d2"/>
      </object_component>
      <object_component id="oc-90">
         <name>.debug_line</name>
         <load_address>0x1739</load_address>
         <run_address>0x1739</run_address>
         <size>0x34</size>
         <input_file_ref idref="fl-d2"/>
      </object_component>
      <object_component id="oc-cc">
         <name>.debug_line</name>
         <load_address>0x176d</load_address>
         <run_address>0x176d</run_address>
         <size>0x8a</size>
         <input_file_ref idref="fl-d2"/>
      </object_component>
      <object_component id="oc-8b">
         <name>.debug_line</name>
         <load_address>0x17f7</load_address>
         <run_address>0x17f7</run_address>
         <size>0x20</size>
         <input_file_ref idref="fl-d3"/>
      </object_component>
      <object_component id="oc-19">
         <name>.debug_line</name>
         <load_address>0x1817</load_address>
         <run_address>0x1817</run_address>
         <size>0x55</size>
         <input_file_ref idref="fl-d3"/>
      </object_component>
      <object_component id="oc-44">
         <name>.debug_line</name>
         <load_address>0x186c</load_address>
         <run_address>0x186c</run_address>
         <size>0x3a</size>
         <input_file_ref idref="fl-d3"/>
      </object_component>
      <object_component id="oc-88">
         <name>.debug_line</name>
         <load_address>0x18a6</load_address>
         <run_address>0x18a6</run_address>
         <size>0x8a</size>
         <input_file_ref idref="fl-d3"/>
      </object_component>
      <object_component id="oc-c8">
         <name>.debug_line</name>
         <load_address>0x1930</load_address>
         <run_address>0x1930</run_address>
         <size>0x20</size>
         <input_file_ref idref="fl-d4"/>
      </object_component>
      <object_component id="oc-16">
         <name>.debug_line</name>
         <load_address>0x1950</load_address>
         <run_address>0x1950</run_address>
         <size>0xa9</size>
         <input_file_ref idref="fl-d4"/>
      </object_component>
      <object_component id="oc-34">
         <name>.debug_line</name>
         <load_address>0x19f9</load_address>
         <run_address>0x19f9</run_address>
         <size>0x3a</size>
         <input_file_ref idref="fl-d4"/>
      </object_component>
      <object_component id="oc-c5">
         <name>.debug_line</name>
         <load_address>0x1a33</load_address>
         <run_address>0x1a33</run_address>
         <size>0x92</size>
         <input_file_ref idref="fl-d4"/>
      </object_component>
      <object_component id="oc-81">
         <name>.debug_line</name>
         <load_address>0x1ac5</load_address>
         <run_address>0x1ac5</run_address>
         <size>0x8e</size>
         <input_file_ref idref="fl-d4"/>
      </object_component>
      <object_component id="oc-6c">
         <name>.debug_line</name>
         <load_address>0x1b53</load_address>
         <run_address>0x1b53</run_address>
         <size>0x33</size>
         <input_file_ref idref="fl-d5"/>
      </object_component>
      <object_component id="oc-5d">
         <name>.debug_line</name>
         <load_address>0x1b86</load_address>
         <run_address>0x1b86</run_address>
         <size>0x56</size>
         <input_file_ref idref="fl-d5"/>
      </object_component>
      <object_component id="oc-292">
         <name>.debug_line</name>
         <load_address>0x1bdc</load_address>
         <run_address>0x1bdc</run_address>
         <size>0x20</size>
         <input_file_ref idref="fl-d6"/>
      </object_component>
      <object_component id="oc-290">
         <name>.debug_line</name>
         <load_address>0x1bfc</load_address>
         <run_address>0x1bfc</run_address>
         <size>0x2b</size>
         <input_file_ref idref="fl-d6"/>
      </object_component>
      <object_component id="oc-17e">
         <name>.debug_line</name>
         <load_address>0x1c27</load_address>
         <run_address>0x1c27</run_address>
         <size>0x40</size>
         <input_file_ref idref="fl-d6"/>
      </object_component>
      <object_component id="oc-fe">
         <name>.debug_line</name>
         <load_address>0x1c67</load_address>
         <run_address>0x1c67</run_address>
         <size>0x3c</size>
         <input_file_ref idref="fl-d7"/>
      </object_component>
      <object_component id="oc-b2">
         <name>.debug_line</name>
         <load_address>0x1ca3</load_address>
         <run_address>0x1ca3</run_address>
         <size>0x95</size>
         <input_file_ref idref="fl-d8"/>
      </object_component>
      <object_component id="oc-6e">
         <name>.debug_line</name>
         <load_address>0x1d38</load_address>
         <run_address>0x1d38</run_address>
         <size>0x2c</size>
         <input_file_ref idref="fl-d8"/>
      </object_component>
      <object_component id="oc-b6">
         <name>.debug_line</name>
         <load_address>0x1d64</load_address>
         <run_address>0x1d64</run_address>
         <size>0x8a</size>
         <input_file_ref idref="fl-d8"/>
      </object_component>
      <object_component id="oc-bb">
         <name>.debug_line</name>
         <load_address>0x1dee</load_address>
         <run_address>0x1dee</run_address>
         <size>0x2c</size>
         <input_file_ref idref="fl-d8"/>
      </object_component>
      <object_component id="oc-289">
         <name>.debug_line</name>
         <load_address>0x1e1a</load_address>
         <run_address>0x1e1a</run_address>
         <size>0x20</size>
         <input_file_ref idref="fl-db"/>
      </object_component>
      <object_component id="oc-15c">
         <name>.debug_line</name>
         <load_address>0x1e3a</load_address>
         <run_address>0x1e3a</run_address>
         <size>0xa5</size>
         <input_file_ref idref="fl-db"/>
      </object_component>
      <object_component id="oc-28b">
         <name>.debug_line</name>
         <load_address>0x1edf</load_address>
         <run_address>0x1edf</run_address>
         <size>0x20</size>
         <input_file_ref idref="fl-dc"/>
      </object_component>
      <object_component id="oc-163">
         <name>.debug_line</name>
         <load_address>0x1eff</load_address>
         <run_address>0x1eff</run_address>
         <size>0xa0</size>
         <input_file_ref idref="fl-dc"/>
      </object_component>
      <object_component id="oc-287">
         <name>.debug_line</name>
         <load_address>0x1f9f</load_address>
         <run_address>0x1f9f</run_address>
         <size>0x2f</size>
         <input_file_ref idref="fl-dd"/>
      </object_component>
      <object_component id="oc-156">
         <name>.debug_line</name>
         <load_address>0x1fce</load_address>
         <run_address>0x1fce</run_address>
[...]
            <allocated_space>
               <start_address>0x0</start_address>
               <size>0x26c</size>
               <logical_group_ref idref="lg-3"/>
            </allocated_space>
            <allocated_space>
               <start_address>0x26c</start_address>
               <size>0x310c</size>
               <logical_group_ref idref="lg-4"/>
            </allocated_space>
            <allocated_space>
               <start_address>0x3378</start_address>
               <size>0x13c</size>
               <logical_group_ref idref="lg-5"/>
            </allocated_space>
            <available_space>
               <start_address>0x34b4</start_address>
               <size>0x4</size>
            </available_space>
            <allocated_space>
               <start_address>0x34b8</start_address>
               <size>0x40</size>
               <logical_group_ref idref="lg-6"/>
            </allocated_space>
            <available_space>
               <start_address>0x34f8</start_address>
               <size>0x3cb08</size>
            </available_space>
         </usage_details>
      </memory_area>
      <memory_area display="yes" color="green">
         <name>SRAM</name>
         <page_id>0x0</page_id>
         <origin>0x20000000</origin>
         <length>0x8000</length>
         <used_space>0x22d4</used_space>
         <unused_space>0x5d2c</unused_space>
         <attributes>RWX</attributes>
         <usage_details>
            <allocated_space>
               <start_address>0x20000000</start_address>
               <size>0x26c</size>
               <logical_group_ref idref="lg-9"/>
            </allocated_space>
            <allocated_space>
               <start_address>0x2000026c</start_address>
               <size>0x4</size>
               <logical_group_ref idref="lg-a"/>
            </allocated_space>
            <allocated_space>
               <start_address>0x20000270</start_address>
               <size>0x1000</size>
               <logical_group_ref idref="lg-d"/>
            </allocated_space>
            <allocated_space>
               <start_address>0x20001270</start_address>
               <size>0x1000</size>
               <logical_group_ref idref="lg-c"/>
            </allocated_space>
            <allocated_space>
               <start_address>0x20002270</start_address>
               <size>0x64</size>
               <logical_group_ref idref="lg-b"/>
            </allocated_space>
            <available_space>
               <start_address>0x200022d4</start_address>
               <size>0x5d2c</size>
            </available_space>
         </usage_details>
      </memory_area>
   </placement_map>
   <cptbl_list>
      <cptbl>
         <name>__TI_cinit_table</name>
         <cprec>
            <name>.bss</name>
            <load_address>0x34c8</load_address>
            <load_size>0x8</load_size>
            <run_address>0x20002270</run_address>
            <run_size>0x64</run_size>
            <compression>zero_init</compression>
         </cprec>
         <cprec>
            <name>.vtable</name>
            <load_address>0x34d0</load_address>
            <load_size>0x8</load_size>
            <run_address>0x20000000</run_address>
            <run_size>0x26c</run_size>
            <compression>zero_init</compression>
         </cprec>
         <cprec>
            <name>.data</name>
            <load_address>0x34d8</load_address>
            <load_size>0x7</load_size>
            <run_address>0x2000026c</run_address>
            <run_size>0x4</run_size>
            <compression>lzss</compression>
         </cprec>
      </cptbl>
   </cptbl_list>
   <handler_table>
      <handler_table_name>__TI_handler_table</handler_table_name>
      <handler>
         <index>0x0</index>
         <name>__TI_zero_init</name>
      </handler>
      <handler>
         <index>0x1</index>
         <name>__TI_decompress_lzss</name>
      </handler>
      <handler>
         <index>0x2</index>
         <name>__TI_decompress_none</name>
      </handler>
   </handler_table>
   <symbol_table>
      <symbol id="sm-1">
         <name>__STACK_TOP</name>
         <value>0x20000470</value>
      </symbol>
      <symbol id="sm-2">
         <name>__TI_CINIT_Base</name>
         <value>0x34e0</value>
      </symbol>
      <symbol id="sm-3">
         <name>__TI_CINIT_Limit</name>
         <value>0x34f8</value>
      </symbol>
      <symbol id="sm-4">
         <name>__TI_Handler_Table_Base</name>
         <value>0x34b8</value>
      </symbol>
      <symbol id="sm-5">
         <name>__TI_Handler_Table_Limit</name>
         <value>0x34c4</value>
      </symbol>
      <symbol id="sm-6">
         <name>binit</name>
         <value>0xffffffff</value>
      </symbol>
      <symbol id="sm-7">
         <name>__binit__</name>
         <value>0xffffffff</value>
      </symbol>
      <symbol id="sm-8">
         <name>__STACK_SIZE</name>
         <value>0x1000</value>
      </symbol>
      <symbol id="sm-9">
         <name>__STACK_END</name>
         <value>0x20001270</value>
      </symbol>
      <symbol id="sm-a">
         <name>__SYSMEM_SIZE</name>
         <value>0x1000</value>
      </symbol>
      <symbol id="sm-b">
         <name>__c_args__</name>
         <value>0xffffffff</value>
      </symbol>
      <symbol id="sm-c">
         <name>__TI_pprof_out_hndl</name>
         <value>0xffffffff</value>
      </symbol>
      <symbol id="sm-d">
         <name>__TI_prof_data_start</name>
         <value>0xffffffff</value>
      </symbol>
      <symbol id="sm-e">
         <name>__TI_prof_data_size</name>
         <value>0xffffffff</value>
      </symbol>
      <symbol id="sm-53">
         <name>ResetISR</name>
         <value>0x335b</value>
         <object_component_ref idref="oc-27"/>
      </symbol>
      <symbol id="sm-54">
         <name>g_pfnVectors</name>
         <value>0x0</value>
         <object_component_ref idref="oc-f"/>
      </symbol>
      <symbol id="sm-a5">
         <name>lcd_rotatingBanner</name>
         <value>0x194f</value>
         <object_component_ref idref="oc-de"/>
      </symbol>
      <symbol id="sm-a6">
         <name>lcd_sendCommand</name>
         <value>0x17a3</value>
         <object_component_ref idref="oc-de"/>
      </symbol>
      <symbol id="sm-a7">
         <name>lcd_sendNibble</name>
         <value>0x17e1</value>
         <object_component_ref idref="oc-de"/>
      </symbol>
      <symbol id="sm-a8">
         <name>lcd_clear</name>
         <value>0x333d</value>
         <object_component_ref idref="oc-14b"/>
      </symbol>
      <symbol id="sm-a9">
         <name>lcd_printf</name>
         <value>0x188b</value>
         <object_component_ref idref="oc-de"/>
      </symbol>
      <symbol id="sm-aa">
         <name>lcd_setCursorPos</name>
         <value>0x184d</value>
         <object_component_ref idref="oc-de"/>
      </symbol>
      <symbol id="sm-ab">
         <name>lcd_init</name>
         <value>0x168d</value>
         <object_component_ref idref="oc-de"/>
      </symbol>
      <symbol id="sm-ac">
         <name>lcd_puts</name>
         <value>0x1785</value>
         <object_component_ref idref="oc-de"/>
      </symbol>
      <symbol id="sm-ad">
         <name>lcd_putc</name>
         <value>0x174d</value>
         <object_component_ref idref="oc-de"/>
      </symbol>
      <symbol id="sm-ae">
         <name>lcd_gotoLine</name>
         <value>0x1825</value>
         <object_component_ref idref="oc-de"/>
      </symbol>
      <symbol id="sm-c5">
         <name>main</name>
         <value>0x278d</value>
         <object_component_ref idref="oc-9f"/>
      </symbol>
      <symbol id="sm-f1">
         <name>state</name>
         <value>0x200022c8</value>
      </symbol>
      <symbol id="sm-f2">
         <name>done_flag</name>
         <value>0x200022c4</value>
      </symbol>
      <symbol id="sm-f3">
         <name>timer_start</name>
         <value>0x200022d0</value>
      </symbol>
      <symbol id="sm-f4">
         <name>timer_end</name>
         <value>0x200022cc</value>
      </symbol>
      <symbol id="sm-f5">
         <name>ping_read</name>
         <value>0x1edd</value>
         <object_component_ref idref="oc-d2"/>
      </symbol>
      <symbol id="sm-f6">
         <name>TIMER3B_Handler</name>
         <value>0x1dc1</value>
         <object_component_ref idref="oc-d2"/>
      </symbol>
      <symbol id="sm-f7">
         <name>ping_init</name>
         <value>0x1e05</value>
         <object_component_ref idref="oc-d2"/>
      </symbol>
      <symbol id="sm-119">
         <name>timer_startClock</name>
         <value>0x2365</value>
         <object_component_ref idref="oc-d8"/>
      </symbol>
      <symbol id="sm-11a">
         <name>timer_stopClock</name>
         <value>0x23b7</value>
         <object_component_ref idref="oc-d8"/>
      </symbol>
      <symbol id="sm-11b">
         <name>timer_getClock</name>
         <value>0x23b1</value>
         <object_component_ref idref="oc-d8"/>
      </symbol>
      <symbol id="sm-11c">
         <name>timer_stopTimer</name>
         <value>0x234f</value>
         <object_component_ref idref="oc-d8"/>
      </symbol>
      <symbol id="sm-11d">
         <name>timer_startTimer</name>
         <value>0x22ff</value>
         <object_component_ref idref="oc-d8"/>
      </symbol>
      <symbol id="sm-11e">
         <name>timer_waitMillis</name>
         <value>0x22a1</value>
         <object_component_ref idref="oc-d8"/>
      </symbol>
      <symbol id="sm-11f">
         <name>timer_waitMicros</name>
         <value>0x22d5</value>
         <object_component_ref idref="oc-d8"/>
      </symbol>
      <symbol id="sm-1b4">
         <name>pow</name>
         <value>0xccd</value>
         <object_component_ref idref="oc-e9"/>
      </symbol>
      <symbol id="sm-1b5">
         <name>powl</name>
         <value>0xccd</value>
         <object_component_ref idref="oc-e9"/>
      </symbol>
      <symbol id="sm-1d7">
         <name>sqrtl</name>
         <value>0x2149</value>
         <object_component_ref idref="oc-174"/>
      </symbol>
      <symbol id="sm-1d8">
         <name>sqrt</name>
         <value>0x2149</value>
         <object_component_ref idref="oc-174"/>
      </symbol>
      <symbol id="sm-1ff">
         <name>scalbn</name>
         <value>0x28ad</value>
         <object_component_ref idref="oc-192"/>
      </symbol>
      <symbol id="sm-200">
         <name>scalbnl</name>
         <value>0x28ad</value>
         <object_component_ref idref="oc-192"/>
      </symbol>
      <symbol id="sm-201">
         <name>ldexpl</name>
         <value>0x28ad</value>
         <object_component_ref idref="oc-192"/>
      </symbol>
      <symbol id="sm-202">
         <name>ldexp</name>
         <value>0x28ad</value>
         <object_component_ref idref="oc-192"/>
      </symbol>
      <symbol id="sm-20c">
         <name>copysign</name>
         <value>0x32dd</value>
         <object_component_ref idref="oc-204"/>
      </symbol>
      <symbol id="sm-20d">
         <name>copysignl</name>
         <value>0x32dd</value>
         <object_component_ref idref="oc-204"/>
      </symbol>
      <symbol id="sm-224">
         <name>__aeabi_dsub</name>
         <value>0x1f91</value>
         <object_component_ref idref="oc-ef"/>
      </symbol>
      <symbol id="sm-225">
         <name>__aeabi_dadd</name>
         <value>0x1f9b</value>
         <object_component_ref idref="oc-ef"/>
      </symbol>
      <symbol id="sm-247">
         <name>__aeabi_cdcmpeq</name>
         <value>0x2c9d</value>
         <object_component_ref idref="oc-188"/>
      </symbol>
      <symbol id="sm-248">
         <name>__aeabi_cdcmple</name>
         <value>0x2c9d</value>
         <object_component_ref idref="oc-188"/>
      </symbol>
      <symbol id="sm-249">
         <name>__aeabi_cdrcmple</name>
         <value>0x2d23</value>
         <object_component_ref idref="oc-18d"/>
      </symbol>
      <symbol id="sm-25d">
         <name>__aeabi_ddiv</name>
         <value>0x2535</value>
         <object_component_ref idref="oc-16f"/>
      </symbol>
      <symbol id="sm-268">
         <name>__aeabi_dmul</name>
         <value>0x29bd</value>
         <object_component_ref idref="oc-180"/>
      </symbol>
      <symbol id="sm-272">
         <name>__aeabi_d2iz</name>
         <value>0x30a5</value>
         <object_component_ref idref="oc-f4"/>
      </symbol>
      <symbol id="sm-27c">
         <name>__aeabi_i2d</name>
         <value>0x324d</value>
         <object_component_ref idref="oc-e4"/>
      </symbol>
      <symbol id="sm-297">
         <name>memcpy</name>
         <value>0x2b6b</value>
         <object_component_ref idref="oc-3b"/>
      </symbol>
      <symbol id="sm-298">
         <name>__aeabi_memcpy</name>
         <value>0x2b6b</value>
         <object_component_ref idref="oc-3b"/>
      </symbol>
      <symbol id="sm-299">
         <name>__aeabi_memcpy8</name>
         <value>0x2b6b</value>
         <object_component_ref idref="oc-3b"/>
      </symbol>
      <symbol id="sm-29a">
         <name>__aeabi_memcpy4</name>
         <value>0x2b6b</value>
         <object_component_ref idref="oc-3b"/>
      </symbol>
      <symbol id="sm-2b3">
         <name>__TI_zero_init_nomemset</name>
         <value>0x3319</value>
         <object_component_ref idref="oc-47"/>
      </symbol>
      <symbol id="sm-2ca">
         <name>__TI_decompress_none</name>
         <value>0x334d</value>
         <object_component_ref idref="oc-18"/>
      </symbol>
      <symbol id="sm-2ed">
         <name>__TI_decompress_lzss</name>
         <value>0x2e91</value>
         <object_component_ref idref="oc-12"/>
      </symbol>
      <symbol id="sm-300">
         <name>__stack</name>
         <value>0x20000270</value>
         <object_component_ref idref="oc-21"/>
      </symbol>
      <symbol id="sm-301">
         <name>_c_int00_noargs</name>
         <value>0x31b1</value>
         <object_component_ref idref="oc-59"/>
      </symbol>
      <symbol id="sm-317">
         <name>__aeabi_errno_addr</name>
         <value>0x3369</value>
         <object_component_ref idref="oc-17a"/>
      </symbol>
      <symbol id="sm-318">
         <name>errno</name>
         <value>0x2000026c</value>
         <object_component_ref idref="oc-1fa"/>
      </symbol>
      <symbol id="sm-323">
         <name>C$$EXIT</name>
         <value>0x3375</value>
         <object_component_ref idref="oc-fa"/>
      </symbol>
      <symbol id="sm-324">
         <name>abort</name>
         <value>0x3375</value>
         <object_component_ref idref="oc-fa"/>
      </symbol>
      <symbol id="sm-339">
         <name>_sys_memory</name>
         <value>0x20001270</value>
         <object_component_ref idref="oc-24"/>
      </symbol>
      <symbol id="sm-34a">
         <name>strcmp</name>
         <value>0x32af</value>
         <object_component_ref idref="oc-158"/>
      </symbol>
      <symbol id="sm-358">
         <name>strcpy</name>
         <value>0x32f1</value>
         <object_component_ref idref="oc-15e"/>
      </symbol>
      <symbol id="sm-387">
         <name>vsnprintf</name>
         <value>0x3131</value>
         <object_component_ref idref="oc-152"/>
      </symbol>
      <symbol id="sm-396">
         <name>__aeabi_memset</name>
         <value>0x2dab</value>
         <object_component_ref idref="oc-93"/>
      </symbol>
      <symbol id="sm-397">
         <name>memset</name>
         <value>0x2db1</value>
         <object_component_ref idref="oc-93"/>
      </symbol>
      <symbol id="sm-398">
         <name>__aeabi_memset8</name>
         <value>0x2dab</value>
         <object_component_ref idref="oc-93"/>
      </symbol>
      <symbol id="sm-399">
         <name>__aeabi_memset4</name>
         <value>0x2dab</value>
         <object_component_ref idref="oc-93"/>
      </symbol>
      <symbol id="sm-39a">
         <name>__aeabi_memclr8</name>
         <value>0x2da9</value>
         <object_component_ref idref="oc-93"/>
      </symbol>
      <symbol id="sm-39b">
         <name>__aeabi_memclr4</name>
         <value>0x2da9</value>
         <object_component_ref idref="oc-93"/>
      </symbol>
      <symbol id="sm-39c">
         <name>__aeabi_memclr</name>
         <value>0x2da9</value>
         <object_component_ref idref="oc-93"/>
      </symbol>
      <symbol id="sm-3c4">
         <name>__TI_auto_init_nobinit_nopinit</name>
         <value>0x30ed</value>
         <object_component_ref idref="oc-106"/>
      </symbol>
      <symbol id="sm-3ce">
         <name>_system_pre_init</name>
         <value>0x3371</value>
         <object_component_ref idref="oc-99"/>
      </symbol>
      <symbol id="sm-534">
         <name>__TI_printfi</name>
         <value>0x26d</value>
         <object_component_ref idref="oc-1ce"/>
      </symbol>
      <symbol id="sm-54a">
         <name>atoi</name>
         <value>0x3059</value>
         <object_component_ref idref="oc-248"/>
      </symbol>
      <symbol id="sm-555">
         <name>_ctypes_</name>
         <value>0x3378</value>
         <object_component_ref idref="oc-2ac"/>
      </symbol>
      <symbol id="sm-564">
         <name>ltoa</name>
         <value>0x2fb3</value>
         <object_component_ref idref="oc-2b7"/>
      </symbol>
      <symbol id="sm-574">
         <name>memccpy</name>
         <value>0x327b</value>
         <object_component_ref idref="oc-26c"/>
      </symbol>
      <symbol id="sm-584">
         <name>strchr</name>
         <value>0x32c7</value>
         <object_component_ref idref="oc-2de"/>
      </symbol>
      <symbol id="sm-592">
         <name>strlen</name>
         <value>0x3305</value>
         <object_component_ref idref="oc-242"/>
      </symbol>
      <symbol id="sm-5a8">
         <name>frexpl</name>
         <value>0x2ef9</value>
         <object_component_ref idref="oc-2d8"/>
      </symbol>
      <symbol id="sm-5a9">
         <name>frexp</name>
         <value>0x2ef9</value>
         <object_component_ref idref="oc-2d8"/>
      </symbol>
      <symbol id="sm-5c2">
         <name>wcslen</name>
         <value>0x332b</value>
         <object_component_ref idref="oc-272"/>
      </symbol>
      <symbol id="sm-5cf">
         <name>__aeabi_uldivmod</name>
         <value>0x2c07</value>
         <object_component_ref idref="oc-2b1"/>
      </symbol>
      <symbol id="sm-5d9">
         <name>__aeabi_idiv0</name>
         <value>0xccb</value>
         <object_component_ref idref="oc-303"/>
      </symbol>
      <symbol id="sm-5da">
         <name>__aeabi_ldiv0</name>
         <value>0xccb</value>
         <object_component_ref idref="oc-303"/>
      </symbol>
      <symbol id="sm-5fb">
         <name>IntRegister</name>
         <value>0x31e9</value>
         <object_component_ref idref="oc-138"/>
      </symbol>
      <symbol id="sm-5fc">
         <name>g_pfnRAMVectors</name>
         <value>0x20000000</value>
         <object_component_ref idref="oc-1c2"/>
      </symbol>
      <symbol id="sm-5fe">
         <name>__TI_static_base__</name>
         <value>0x0</value>
      </symbol>
      <symbol id="sm-601">
         <name>__mpu_init</name>
         <value>0x0</value>
      </symbol>
      <symbol id="sm-602">
         <name>_system_post_cinit</name>
         <value>0x0</value>
      </symbol>
   </symbol_table>
   <title>Link successful</title>
</link_info>
